have_func: checking for rb_enc_interned_str() in ruby/encoding.h... -------------------- yes

DYLD_LIBRARY_PATH=.:/Users/neil/.local/share/mise/installs/ruby/3.4.10/lib ASAN_OPTIONS=detect_leaks=0 "cc -o conftest -I/Users/neil/.local/share/mise/installs/ruby/3.4.10/include/ruby-3.4.0/arm64-darwin23 -I/Users/neil/.local/share/mise/installs/ruby/3.4.10/include/ruby-3.4.0/ruby/backward -I/Users/neil/.local/share/mise/installs/ruby/3.4.10/include/ruby-3.4.0 -I. -include stdbool.h -I/Users/neil/.local/share/mise/installs/ruby/3.4.10/include -D_XOPEN_SOURCE -D_DARWIN_C_SOURCE -D_DARWIN_UNLIMITED_SELECT -D_REENTRANT   -fstack-protector-strong -U_FORTIFY_SOURCE -D_FORTIFY_SOURCE=2 -fdeclspec -O3 -fno-fast-math -ggdb3 -Wall -Wextra -Wextra-tokens -Wdeprecated-declarations -Wdivision-by-zero -Wdiv-by-zero -Wimplicit-function-declaration -Wimplicit-int -Wpointer-arith -Wshorten-64-to-32 -Wwrite-strings -Wold-style-definition -Wmissing-noreturn -Wno-cast-function-type -Wno-constant-logical-operand -Wno-long-long -Wno-missing-field-initializers -Wno-overlength-strings -Wno-parentheses-equality -Wno-self-assign -Wno-tautological-compare -Wno-unused-parameter -Wno-unused-value -Wunused-variable -Wundef -pipe conftest.c -L. -L/Users/neil/.local/share/mise/installs/ruby/3.4.10/lib -L/Users/neil/.local/share/mise/installs/ruby/3.4.10/lib -L. -fstack-protector-strong  -arch arm64   -lruby.3.4-static -framework CoreFoundation -ldl -lobjc -lpthread   -lpthread "
ld: warning: ignoring duplicate libraries: '-lpthread'
checked program was:
/* begin */
1: #include "ruby.h"
2: 
3: int main(int argc, char **argv)
4: {
5:   return !!argv[argc];
6: }
/* end */

DYLD_LIBRARY_PATH=.:/Users/neil/.local/share/mise/installs/ruby/3.4.10/lib ASAN_OPTIONS=detect_leaks=0 "cc -o conftest -I/Users/neil/.local/share/mise/installs/ruby/3.4.10/include/ruby-3.4.0/arm64-darwin23 -I/Users/neil/.local/share/mise/installs/ruby/3.4.10/include/ruby-3.4.0/ruby/backward -I/Users/neil/.local/share/mise/installs/ruby/3.4.10/include/ruby-3.4.0 -I. -include stdbool.h -I/Users/neil/.local/share/mise/installs/ruby/3.4.10/include -D_XOPEN_SOURCE -D_DARWIN_C_SOURCE -D_DARWIN_UNLIMITED_SELECT -D_REENTRANT   -fstack-protector-strong -U_FORTIFY_SOURCE -D_FORTIFY_SOURCE=2 -fdeclspec -O3 -fno-fast-math -ggdb3 -Wall -Wextra -Wextra-tokens -Wdeprecated-declarations -Wdivision-by-zero -Wdiv-by-zero -Wimplicit-function-declaration -Wimplicit-int -Wpointer-arith -Wshorten-64-to-32 -Wwrite-strings -Wold-style-definition -Wmissing-noreturn -Wno-cast-function-type -Wno-constant-logical-operand -Wno-long-long -Wno-missing-field-initializers -Wno-overlength-strings -Wno-parentheses-equality -Wno-self-assign -Wno-tautological-compare -Wno-unused-parameter -Wno-unused-value -Wunused-variable -Wundef -pipe conftest.c -L. -L/Users/neil/.local/share/mise/installs/ruby/3.4.10/lib -L/Users/neil/.local/share/mise/installs/ruby/3.4.10/lib -L. -fstack-protector-strong  -arch arm64   -lruby.3.4-static -framework CoreFoundation -ldl -lobjc -lpthread   -lpthread "
ld: warning: ignoring duplicate libraries: '-lpthread'
warning: (arm64) /Users/runner/work/ruby/ruby/.build/3.4.10-macos-yjit/src/ruby/ruby-3.4.10/yjit/target/release/libyjit.a(yjit.alloc-7a08c2dd395a8174.alloc.8bd887cb-cgu.0.rcgu.o.rcgu.o) unable to open object file: No such file or directory
warning: (arm64) /Users/runner/work/ruby/ruby/.build/3.4.10-macos-yjit/src/ruby/ruby-3.4.10/yjit/target/release/libyjit.a(yjit.core-64596866e8fcd459.core.adef6839-cgu.0.rcgu.o.rcgu.o) unable to open object file: No such file or directory
warning: (arm64) /Users/runner/work/ruby/ruby/.build/3.4.10-macos-yjit/src/ruby/ruby-3.4.10/yjit/target/release/libyjit.a(yjit.hashbrown-9fb3325867b89a93.hashbrown.9bf0156c-cgu.0.rcgu.o.rcgu.o) unable to open object file: No such file or directory
warning: (arm64) /Users/runner/work/ruby/ruby/.build/3.4.10-macos-yjit/src/ruby/ruby-3.4.10/yjit/target/release/libyjit.a(yjit.memchr-979ed69233e4feef.memchr.6eb4e99e-cgu.0.rcgu.o.rcgu.o) unable to open object file: No such file or directory
warning: (arm64) /Users/runner/work/ruby/ruby/.build/3.4.10-macos-yjit/src/ruby/ruby-3.4.10/yjit/target/release/libyjit.a(yjit.panic_unwind-128bf621675179b5.panic_unwind.8abac504-cgu.0.rcgu.o.rcgu.o) unable to open object file: No such file or directory
warning: (arm64) /Users/runner/work/ruby/ruby/.build/3.4.10-macos-yjit/src/ruby/ruby-3.4.10/yjit/target/release/libyjit.a(yjit.rustc_demangle-025c156c0170bf7c.rustc_demangle.9a9a29ae-cgu.0.rcgu.o.rcgu.o) unable to open object file: No such file or directory
warning: (arm64) /Users/runner/work/ruby/ruby/.build/3.4.10-macos-yjit/src/ruby/ruby-3.4.10/yjit/target/release/libyjit.a(yjit.std-30760f0676b4a0cb.std.0fbf018a-cgu.0.rcgu.o.rcgu.o) unable to open object file: No such file or directory
warning: (arm64) /Users/runner/work/ruby/ruby/.build/3.4.10-macos-yjit/src/ruby/ruby-3.4.10/yjit/target/release/libyjit.a(yjit.yjit.e764bc1c-cgu.0.rcgu.o) unable to open object file: No such file or directory
warning: (arm64) /Users/runner/work/ruby/ruby/.build/3.4.10-macos-yjit/src/ruby/ruby-3.4.10/yjit/target/release/libyjit.a(yjit.yjit.e764bc1c-cgu.1.rcgu.o) unable to open object file: No such file or directory
warning: (arm64) /Users/runner/work/ruby/ruby/.build/3.4.10-macos-yjit/src/ruby/ruby-3.4.10/yjit/target/release/libyjit.a(yjit.yjit.e764bc1c-cgu.10.rcgu.o) unable to open object file: No such file or directory
warning: (arm64) /Users/runner/work/ruby/ruby/.build/3.4.10-macos-yjit/src/ruby/ruby-3.4.10/yjit/target/release/libyjit.a(yjit.yjit.e764bc1c-cgu.11.rcgu.o) unable to open object file: No such file or directory
warning: (arm64) /Users/runner/work/ruby/ruby/.build/3.4.10-macos-yjit/src/ruby/ruby-3.4.10/yjit/target/release/libyjit.a(yjit.yjit.e764bc1c-cgu.12.rcgu.o) unable to open object file: No such file or directory
warning: (arm64) /Users/runner/work/ruby/ruby/.build/3.4.10-macos-yjit/src/ruby/ruby-3.4.10/yjit/target/release/libyjit.a(yjit.yjit.e764bc1c-cgu.13.rcgu.o) unable to open object file: No such file or directory
warning: (arm64) /Users/runner/work/ruby/ruby/.build/3.4.10-macos-yjit/src/ruby/ruby-3.4.10/yjit/target/release/libyjit.a(yjit.yjit.e764bc1c-cgu.14.rcgu.o) unable to open object file: No such file or directory
warning: (arm64) /Users/runner/work/ruby/ruby/.build/3.4.10-macos-yjit/src/ruby/ruby-3.4.10/yjit/target/release/libyjit.a(yjit.yjit.e764bc1c-cgu.15.rcgu.o) unable to open object file: No such file or directory
warning: (arm64) /Users/runner/work/ruby/ruby/.build/3.4.10-macos-yjit/src/ruby/ruby-3.4.10/yjit/target/release/libyjit.a(yjit.yjit.e764bc1c-cgu.2.rcgu.o) unable to open object file: No such file or directory
warning: (arm64) /Users/runner/work/ruby/ruby/.build/3.4.10-macos-yjit/src/ruby/ruby-3.4.10/yjit/target/release/libyjit.a(yjit.yjit.e764bc1c-cgu.3.rcgu.o) unable to open object file: No such file or directory
warning: (arm64) /Users/runner/work/ruby/ruby/.build/3.4.10-macos-yjit/src/ruby/ruby-3.4.10/yjit/target/release/libyjit.a(yjit.yjit.e764bc1c-cgu.4.rcgu.o) unable to open object file: No such file or directory
warning: (arm64) /Users/runner/work/ruby/ruby/.build/3.4.10-macos-yjit/src/ruby/ruby-3.4.10/yjit/target/release/libyjit.a(yjit.yjit.e764bc1c-cgu.5.rcgu.o) unable to open object file: No such file or directory
warning: (arm64) /Users/runner/work/ruby/ruby/.build/3.4.10-macos-yjit/src/ruby/ruby-3.4.10/yjit/target/release/libyjit.a(yjit.yjit.e764bc1c-cgu.6.rcgu.o) unable to open object file: No such file or directory
warning: (arm64) /Users/runner/work/ruby/ruby/.build/3.4.10-macos-yjit/src/ruby/ruby-3.4.10/yjit/target/release/libyjit.a(yjit.yjit.e764bc1c-cgu.7.rcgu.o) unable to open object file: No such file or directory
warning: (arm64) /Users/runner/work/ruby/ruby/.build/3.4.10-macos-yjit/src/ruby/ruby-3.4.10/yjit/target/release/libyjit.a(yjit.yjit.e764bc1c-cgu.8.rcgu.o) unable to open object file: No such file or directory
warning: (arm64) /Users/runner/work/ruby/ruby/.build/3.4.10-macos-yjit/src/ruby/ruby-3.4.10/yjit/target/release/libyjit.a(yjit.yjit.e764bc1c-cgu.9.rcgu.o) unable to open object file: No such file or directory
checked program was:
/* begin */
 1: #include "ruby.h"
 2: 
 3: #include <ruby/encoding.h>
 4: 
 5: /*top*/
 6: extern int t(void);
 7: int main(int argc, char **argv)
 8: {
 9:   if (argc > 1000000) {
10:     int (* volatile tp)(void)=(int (*)(void))&t;
11:     printf("%d", (*tp)());
12:   }
13: 
14:   return !!argv[argc];
15: }
16: int t(void) { void ((*volatile p)()); p = (void ((*)()))rb_enc_interned_str; return !p; }
/* end */

--------------------

have_func: checking for rb_str_to_interned_str() in ruby.h... -------------------- yes

DYLD_LIBRARY_PATH=.:/Users/neil/.local/share/mise/installs/ruby/3.4.10/lib ASAN_OPTIONS=detect_leaks=0 "cc -o conftest -I/Users/neil/.local/share/mise/installs/ruby/3.4.10/include/ruby-3.4.0/arm64-darwin23 -I/Users/neil/.local/share/mise/installs/ruby/3.4.10/include/ruby-3.4.0/ruby/backward -I/Users/neil/.local/share/mise/installs/ruby/3.4.10/include/ruby-3.4.0 -I. -include stdbool.h -I/Users/neil/.local/share/mise/installs/ruby/3.4.10/include -D_XOPEN_SOURCE -D_DARWIN_C_SOURCE -D_DARWIN_UNLIMITED_SELECT -D_REENTRANT   -fstack-protector-strong -U_FORTIFY_SOURCE -D_FORTIFY_SOURCE=2 -fdeclspec -O3 -fno-fast-math -ggdb3 -Wall -Wextra -Wextra-tokens -Wdeprecated-declarations -Wdivision-by-zero -Wdiv-by-zero -Wimplicit-function-declaration -Wimplicit-int -Wpointer-arith -Wshorten-64-to-32 -Wwrite-strings -Wold-style-definition -Wmissing-noreturn -Wno-cast-function-type -Wno-constant-logical-operand -Wno-long-long -Wno-missing-field-initializers -Wno-overlength-strings -Wno-parentheses-equality -Wno-self-assign -Wno-tautological-compare -Wno-unused-parameter -Wno-unused-value -Wunused-variable -Wundef -pipe conftest.c -L. -L/Users/neil/.local/share/mise/installs/ruby/3.4.10/lib -L/Users/neil/.local/share/mise/installs/ruby/3.4.10/lib -L. -fstack-protector-strong  -arch arm64   -lruby.3.4-static -framework CoreFoundation -ldl -lobjc -lpthread   -lpthread "
ld: warning: ignoring duplicate libraries: '-lpthread'
warning: (arm64) /Users/runner/work/ruby/ruby/.build/3.4.10-macos-yjit/src/ruby/ruby-3.4.10/yjit/target/release/libyjit.a(yjit.alloc-7a08c2dd395a8174.alloc.8bd887cb-cgu.0.rcgu.o.rcgu.o) unable to open object file: No such file or directory
warning: (arm64) /Users/runner/work/ruby/ruby/.build/3.4.10-macos-yjit/src/ruby/ruby-3.4.10/yjit/target/release/libyjit.a(yjit.core-64596866e8fcd459.core.adef6839-cgu.0.rcgu.o.rcgu.o) unable to open object file: No such file or directory
warning: (arm64) /Users/runner/work/ruby/ruby/.build/3.4.10-macos-yjit/src/ruby/ruby-3.4.10/yjit/target/release/libyjit.a(yjit.hashbrown-9fb3325867b89a93.hashbrown.9bf0156c-cgu.0.rcgu.o.rcgu.o) unable to open object file: No such file or directory
warning: (arm64) /Users/runner/work/ruby/ruby/.build/3.4.10-macos-yjit/src/ruby/ruby-3.4.10/yjit/target/release/libyjit.a(yjit.memchr-979ed69233e4feef.memchr.6eb4e99e-cgu.0.rcgu.o.rcgu.o) unable to open object file: No such file or directory
warning: (arm64) /Users/runner/work/ruby/ruby/.build/3.4.10-macos-yjit/src/ruby/ruby-3.4.10/yjit/target/release/libyjit.a(yjit.panic_unwind-128bf621675179b5.panic_unwind.8abac504-cgu.0.rcgu.o.rcgu.o) unable to open object file: No such file or directory
warning: (arm64) /Users/runner/work/ruby/ruby/.build/3.4.10-macos-yjit/src/ruby/ruby-3.4.10/yjit/target/release/libyjit.a(yjit.rustc_demangle-025c156c0170bf7c.rustc_demangle.9a9a29ae-cgu.0.rcgu.o.rcgu.o) unable to open object file: No such file or directory
warning: (arm64) /Users/runner/work/ruby/ruby/.build/3.4.10-macos-yjit/src/ruby/ruby-3.4.10/yjit/target/release/libyjit.a(yjit.std-30760f0676b4a0cb.std.0fbf018a-cgu.0.rcgu.o.rcgu.o) unable to open object file: No such file or directory
warning: (arm64) /Users/runner/work/ruby/ruby/.build/3.4.10-macos-yjit/src/ruby/ruby-3.4.10/yjit/target/release/libyjit.a(yjit.yjit.e764bc1c-cgu.0.rcgu.o) unable to open object file: No such file or directory
warning: (arm64) /Users/runner/work/ruby/ruby/.build/3.4.10-macos-yjit/src/ruby/ruby-3.4.10/yjit/target/release/libyjit.a(yjit.yjit.e764bc1c-cgu.1.rcgu.o) unable to open object file: No such file or directory
warning: (arm64) /Users/runner/work/ruby/ruby/.build/3.4.10-macos-yjit/src/ruby/ruby-3.4.10/yjit/target/release/libyjit.a(yjit.yjit.e764bc1c-cgu.10.rcgu.o) unable to open object file: No such file or directory
warning: (arm64) /Users/runner/work/ruby/ruby/.build/3.4.10-macos-yjit/src/ruby/ruby-3.4.10/yjit/target/release/libyjit.a(yjit.yjit.e764bc1c-cgu.11.rcgu.o) unable to open object file: No such file or directory
warning: (arm64) /Users/runner/work/ruby/ruby/.build/3.4.10-macos-yjit/src/ruby/ruby-3.4.10/yjit/target/release/libyjit.a(yjit.yjit.e764bc1c-cgu.12.rcgu.o) unable to open object file: No such file or directory
warning: (arm64) /Users/runner/work/ruby/ruby/.build/3.4.10-macos-yjit/src/ruby/ruby-3.4.10/yjit/target/release/libyjit.a(yjit.yjit.e764bc1c-cgu.13.rcgu.o) unable to open object file: No such file or directory
warning: (arm64) /Users/runner/work/ruby/ruby/.build/3.4.10-macos-yjit/src/ruby/ruby-3.4.10/yjit/target/release/libyjit.a(yjit.yjit.e764bc1c-cgu.14.rcgu.o) unable to open object file: No such file or directory
warning: (arm64) /Users/runner/work/ruby/ruby/.build/3.4.10-macos-yjit/src/ruby/ruby-3.4.10/yjit/target/release/libyjit.a(yjit.yjit.e764bc1c-cgu.15.rcgu.o) unable to open object file: No such file or directory
warning: (arm64) /Users/runner/work/ruby/ruby/.build/3.4.10-macos-yjit/src/ruby/ruby-3.4.10/yjit/target/release/libyjit.a(yjit.yjit.e764bc1c-cgu.2.rcgu.o) unable to open object file: No such file or directory
warning: (arm64) /Users/runner/work/ruby/ruby/.build/3.4.10-macos-yjit/src/ruby/ruby-3.4.10/yjit/target/release/libyjit.a(yjit.yjit.e764bc1c-cgu.3.rcgu.o) unable to open object file: No such file or directory
warning: (arm64) /Users/runner/work/ruby/ruby/.build/3.4.10-macos-yjit/src/ruby/ruby-3.4.10/yjit/target/release/libyjit.a(yjit.yjit.e764bc1c-cgu.4.rcgu.o) unable to open object file: No such file or directory
warning: (arm64) /Users/runner/work/ruby/ruby/.build/3.4.10-macos-yjit/src/ruby/ruby-3.4.10/yjit/target/release/libyjit.a(yjit.yjit.e764bc1c-cgu.5.rcgu.o) unable to open object file: No such file or directory
warning: (arm64) /Users/runner/work/ruby/ruby/.build/3.4.10-macos-yjit/src/ruby/ruby-3.4.10/yjit/target/release/libyjit.a(yjit.yjit.e764bc1c-cgu.6.rcgu.o) unable to open object file: No such file or directory
warning: (arm64) /Users/runner/work/ruby/ruby/.build/3.4.10-macos-yjit/src/ruby/ruby-3.4.10/yjit/target/release/libyjit.a(yjit.yjit.e764bc1c-cgu.7.rcgu.o) unable to open object file: No such file or directory
warning: (arm64) /Users/runner/work/ruby/ruby/.build/3.4.10-macos-yjit/src/ruby/ruby-3.4.10/yjit/target/release/libyjit.a(yjit.yjit.e764bc1c-cgu.8.rcgu.o) unable to open object file: No such file or directory
warning: (arm64) /Users/runner/work/ruby/ruby/.build/3.4.10-macos-yjit/src/ruby/ruby-3.4.10/yjit/target/release/libyjit.a(yjit.yjit.e764bc1c-cgu.9.rcgu.o) unable to open object file: No such file or directory
checked program was:
/* begin */
 1: #include "ruby.h"
 2: 
 3: #include <ruby.h>
 4: 
 5: /*top*/
 6: extern int t(void);
 7: int main(int argc, char **argv)
 8: {
 9:   if (argc > 1000000) {
10:     int (* volatile tp)(void)=(int (*)(void))&t;
11:     printf("%d", (*tp)());
12:   }
13: 
14:   return !!argv[argc];
15: }
16: int t(void) { void ((*volatile p)()); p = (void ((*)()))rb_str_to_interned_str; return !p; }
/* end */

--------------------

have_func: checking for rb_hash_new_capa() in ruby.h... -------------------- yes

DYLD_LIBRARY_PATH=.:/Users/neil/.local/share/mise/installs/ruby/3.4.10/lib ASAN_OPTIONS=detect_leaks=0 "cc -o conftest -I/Users/neil/.local/share/mise/installs/ruby/3.4.10/include/ruby-3.4.0/arm64-darwin23 -I/Users/neil/.local/share/mise/installs/ruby/3.4.10/include/ruby-3.4.0/ruby/backward -I/Users/neil/.local/share/mise/installs/ruby/3.4.10/include/ruby-3.4.0 -I. -include stdbool.h -I/Users/neil/.local/share/mise/installs/ruby/3.4.10/include -D_XOPEN_SOURCE -D_DARWIN_C_SOURCE -D_DARWIN_UNLIMITED_SELECT -D_REENTRANT   -fstack-protector-strong -U_FORTIFY_SOURCE -D_FORTIFY_SOURCE=2 -fdeclspec -O3 -fno-fast-math -ggdb3 -Wall -Wextra -Wextra-tokens -Wdeprecated-declarations -Wdivision-by-zero -Wdiv-by-zero -Wimplicit-function-declaration -Wimplicit-int -Wpointer-arith -Wshorten-64-to-32 -Wwrite-strings -Wold-style-definition -Wmissing-noreturn -Wno-cast-function-type -Wno-constant-logical-operand -Wno-long-long -Wno-missing-field-initializers -Wno-overlength-strings -Wno-parentheses-equality -Wno-self-assign -Wno-tautological-compare -Wno-unused-parameter -Wno-unused-value -Wunused-variable -Wundef -pipe conftest.c -L. -L/Users/neil/.local/share/mise/installs/ruby/3.4.10/lib -L/Users/neil/.local/share/mise/installs/ruby/3.4.10/lib -L. -fstack-protector-strong  -arch arm64   -lruby.3.4-static -framework CoreFoundation -ldl -lobjc -lpthread   -lpthread "
ld: warning: ignoring duplicate libraries: '-lpthread'
warning: (arm64) /Users/runner/work/ruby/ruby/.build/3.4.10-macos-yjit/src/ruby/ruby-3.4.10/yjit/target/release/libyjit.a(yjit.alloc-7a08c2dd395a8174.alloc.8bd887cb-cgu.0.rcgu.o.rcgu.o) unable to open object file: No such file or directory
warning: (arm64) /Users/runner/work/ruby/ruby/.build/3.4.10-macos-yjit/src/ruby/ruby-3.4.10/yjit/target/release/libyjit.a(yjit.core-64596866e8fcd459.core.adef6839-cgu.0.rcgu.o.rcgu.o) unable to open object file: No such file or directory
warning: (arm64) /Users/runner/work/ruby/ruby/.build/3.4.10-macos-yjit/src/ruby/ruby-3.4.10/yjit/target/release/libyjit.a(yjit.hashbrown-9fb3325867b89a93.hashbrown.9bf0156c-cgu.0.rcgu.o.rcgu.o) unable to open object file: No such file or directory
warning: (arm64) /Users/runner/work/ruby/ruby/.build/3.4.10-macos-yjit/src/ruby/ruby-3.4.10/yjit/target/release/libyjit.a(yjit.memchr-979ed69233e4feef.memchr.6eb4e99e-cgu.0.rcgu.o.rcgu.o) unable to open object file: No such file or directory
warning: (arm64) /Users/runner/work/ruby/ruby/.build/3.4.10-macos-yjit/src/ruby/ruby-3.4.10/yjit/target/release/libyjit.a(yjit.panic_unwind-128bf621675179b5.panic_unwind.8abac504-cgu.0.rcgu.o.rcgu.o) unable to open object file: No such file or directory
warning: (arm64) /Users/runner/work/ruby/ruby/.build/3.4.10-macos-yjit/src/ruby/ruby-3.4.10/yjit/target/release/libyjit.a(yjit.rustc_demangle-025c156c0170bf7c.rustc_demangle.9a9a29ae-cgu.0.rcgu.o.rcgu.o) unable to open object file: No such file or directory
warning: (arm64) /Users/runner/work/ruby/ruby/.build/3.4.10-macos-yjit/src/ruby/ruby-3.4.10/yjit/target/release/libyjit.a(yjit.std-30760f0676b4a0cb.std.0fbf018a-cgu.0.rcgu.o.rcgu.o) unable to open object file: No such file or directory
warning: (arm64) /Users/runner/work/ruby/ruby/.build/3.4.10-macos-yjit/src/ruby/ruby-3.4.10/yjit/target/release/libyjit.a(yjit.yjit.e764bc1c-cgu.0.rcgu.o) unable to open object file: No such file or directory
warning: (arm64) /Users/runner/work/ruby/ruby/.build/3.4.10-macos-yjit/src/ruby/ruby-3.4.10/yjit/target/release/libyjit.a(yjit.yjit.e764bc1c-cgu.1.rcgu.o) unable to open object file: No such file or directory
warning: (arm64) /Users/runner/work/ruby/ruby/.build/3.4.10-macos-yjit/src/ruby/ruby-3.4.10/yjit/target/release/libyjit.a(yjit.yjit.e764bc1c-cgu.10.rcgu.o) unable to open object file: No such file or directory
warning: (arm64) /Users/runner/work/ruby/ruby/.build/3.4.10-macos-yjit/src/ruby/ruby-3.4.10/yjit/target/release/libyjit.a(yjit.yjit.e764bc1c-cgu.11.rcgu.o) unable to open object file: No such file or directory
warning: (arm64) /Users/runner/work/ruby/ruby/.build/3.4.10-macos-yjit/src/ruby/ruby-3.4.10/yjit/target/release/libyjit.a(yjit.yjit.e764bc1c-cgu.12.rcgu.o) unable to open object file: No such file or directory
warning: (arm64) /Users/runner/work/ruby/ruby/.build/3.4.10-macos-yjit/src/ruby/ruby-3.4.10/yjit/target/release/libyjit.a(yjit.yjit.e764bc1c-cgu.13.rcgu.o) unable to open object file: No such file or directory
warning: (arm64) /Users/runner/work/ruby/ruby/.build/3.4.10-macos-yjit/src/ruby/ruby-3.4.10/yjit/target/release/libyjit.a(yjit.yjit.e764bc1c-cgu.14.rcgu.o) unable to open object file: No such file or directory
warning: (arm64) /Users/runner/work/ruby/ruby/.build/3.4.10-macos-yjit/src/ruby/ruby-3.4.10/yjit/target/release/libyjit.a(yjit.yjit.e764bc1c-cgu.15.rcgu.o) unable to open object file: No such file or directory
warning: (arm64) /Users/runner/work/ruby/ruby/.build/3.4.10-macos-yjit/src/ruby/ruby-3.4.10/yjit/target/release/libyjit.a(yjit.yjit.e764bc1c-cgu.2.rcgu.o) unable to open object file: No such file or directory
warning: (arm64) /Users/runner/work/ruby/ruby/.build/3.4.10-macos-yjit/src/ruby/ruby-3.4.10/yjit/target/release/libyjit.a(yjit.yjit.e764bc1c-cgu.3.rcgu.o) unable to open object file: No such file or directory
warning: (arm64) /Users/runner/work/ruby/ruby/.build/3.4.10-macos-yjit/src/ruby/ruby-3.4.10/yjit/target/release/libyjit.a(yjit.yjit.e764bc1c-cgu.4.rcgu.o) unable to open object file: No such file or directory
warning: (arm64) /Users/runner/work/ruby/ruby/.build/3.4.10-macos-yjit/src/ruby/ruby-3.4.10/yjit/target/release/libyjit.a(yjit.yjit.e764bc1c-cgu.5.rcgu.o) unable to open object file: No such file or directory
warning: (arm64) /Users/runner/work/ruby/ruby/.build/3.4.10-macos-yjit/src/ruby/ruby-3.4.10/yjit/target/release/libyjit.a(yjit.yjit.e764bc1c-cgu.6.rcgu.o) unable to open object file: No such file or directory
warning: (arm64) /Users/runner/work/ruby/ruby/.build/3.4.10-macos-yjit/src/ruby/ruby-3.4.10/yjit/target/release/libyjit.a(yjit.yjit.e764bc1c-cgu.7.rcgu.o) unable to open object file: No such file or directory
warning: (arm64) /Users/runner/work/ruby/ruby/.build/3.4.10-macos-yjit/src/ruby/ruby-3.4.10/yjit/target/release/libyjit.a(yjit.yjit.e764bc1c-cgu.8.rcgu.o) unable to open object file: No such file or directory
warning: (arm64) /Users/runner/work/ruby/ruby/.build/3.4.10-macos-yjit/src/ruby/ruby-3.4.10/yjit/target/release/libyjit.a(yjit.yjit.e764bc1c-cgu.9.rcgu.o) unable to open object file: No such file or directory
checked program was:
/* begin */
 1: #include "ruby.h"
 2: 
 3: #include <ruby.h>
 4: 
 5: /*top*/
 6: extern int t(void);
 7: int main(int argc, char **argv)
 8: {
 9:   if (argc > 1000000) {
10:     int (* volatile tp)(void)=(int (*)(void))&t;
11:     printf("%d", (*tp)());
12:   }
13: 
14:   return !!argv[argc];
15: }
16: int t(void) { void ((*volatile p)()); p = (void ((*)()))rb_hash_new_capa; return !p; }
/* end */

--------------------

have_func: checking for rb_hash_bulk_insert() in ruby.h... -------------------- yes

DYLD_LIBRARY_PATH=.:/Users/neil/.local/share/mise/installs/ruby/3.4.10/lib ASAN_OPTIONS=detect_leaks=0 "cc -o conftest -I/Users/neil/.local/share/mise/installs/ruby/3.4.10/include/ruby-3.4.0/arm64-darwin23 -I/Users/neil/.local/share/mise/installs/ruby/3.4.10/include/ruby-3.4.0/ruby/backward -I/Users/neil/.local/share/mise/installs/ruby/3.4.10/include/ruby-3.4.0 -I. -include stdbool.h -I/Users/neil/.local/share/mise/installs/ruby/3.4.10/include -D_XOPEN_SOURCE -D_DARWIN_C_SOURCE -D_DARWIN_UNLIMITED_SELECT -D_REENTRANT   -fstack-protector-strong -U_FORTIFY_SOURCE -D_FORTIFY_SOURCE=2 -fdeclspec -O3 -fno-fast-math -ggdb3 -Wall -Wextra -Wextra-tokens -Wdeprecated-declarations -Wdivision-by-zero -Wdiv-by-zero -Wimplicit-function-declaration -Wimplicit-int -Wpointer-arith -Wshorten-64-to-32 -Wwrite-strings -Wold-style-definition -Wmissing-noreturn -Wno-cast-function-type -Wno-constant-logical-operand -Wno-long-long -Wno-missing-field-initializers -Wno-overlength-strings -Wno-parentheses-equality -Wno-self-assign -Wno-tautological-compare -Wno-unused-parameter -Wno-unused-value -Wunused-variable -Wundef -pipe conftest.c -L. -L/Users/neil/.local/share/mise/installs/ruby/3.4.10/lib -L/Users/neil/.local/share/mise/installs/ruby/3.4.10/lib -L. -fstack-protector-strong  -arch arm64   -lruby.3.4-static -framework CoreFoundation -ldl -lobjc -lpthread   -lpthread "
ld: warning: ignoring duplicate libraries: '-lpthread'
warning: (arm64) /Users/runner/work/ruby/ruby/.build/3.4.10-macos-yjit/src/ruby/ruby-3.4.10/yjit/target/release/libyjit.a(yjit.alloc-7a08c2dd395a8174.alloc.8bd887cb-cgu.0.rcgu.o.rcgu.o) unable to open object file: No such file or directory
warning: (arm64) /Users/runner/work/ruby/ruby/.build/3.4.10-macos-yjit/src/ruby/ruby-3.4.10/yjit/target/release/libyjit.a(yjit.core-64596866e8fcd459.core.adef6839-cgu.0.rcgu.o.rcgu.o) unable to open object file: No such file or directory
warning: (arm64) /Users/runner/work/ruby/ruby/.build/3.4.10-macos-yjit/src/ruby/ruby-3.4.10/yjit/target/release/libyjit.a(yjit.hashbrown-9fb3325867b89a93.hashbrown.9bf0156c-cgu.0.rcgu.o.rcgu.o) unable to open object file: No such file or directory
warning: (arm64) /Users/runner/work/ruby/ruby/.build/3.4.10-macos-yjit/src/ruby/ruby-3.4.10/yjit/target/release/libyjit.a(yjit.memchr-979ed69233e4feef.memchr.6eb4e99e-cgu.0.rcgu.o.rcgu.o) unable to open object file: No such file or directory
warning: (arm64) /Users/runner/work/ruby/ruby/.build/3.4.10-macos-yjit/src/ruby/ruby-3.4.10/yjit/target/release/libyjit.a(yjit.panic_unwind-128bf621675179b5.panic_unwind.8abac504-cgu.0.rcgu.o.rcgu.o) unable to open object file: No such file or directory
warning: (arm64) /Users/runner/work/ruby/ruby/.build/3.4.10-macos-yjit/src/ruby/ruby-3.4.10/yjit/target/release/libyjit.a(yjit.rustc_demangle-025c156c0170bf7c.rustc_demangle.9a9a29ae-cgu.0.rcgu.o.rcgu.o) unable to open object file: No such file or directory
warning: (arm64) /Users/runner/work/ruby/ruby/.build/3.4.10-macos-yjit/src/ruby/ruby-3.4.10/yjit/target/release/libyjit.a(yjit.std-30760f0676b4a0cb.std.0fbf018a-cgu.0.rcgu.o.rcgu.o) unable to open object file: No such file or directory
warning: (arm64) /Users/runner/work/ruby/ruby/.build/3.4.10-macos-yjit/src/ruby/ruby-3.4.10/yjit/target/release/libyjit.a(yjit.yjit.e764bc1c-cgu.0.rcgu.o) unable to open object file: No such file or directory
warning: (arm64) /Users/runner/work/ruby/ruby/.build/3.4.10-macos-yjit/src/ruby/ruby-3.4.10/yjit/target/release/libyjit.a(yjit.yjit.e764bc1c-cgu.1.rcgu.o) unable to open object file: No such file or directory
warning: (arm64) /Users/runner/work/ruby/ruby/.build/3.4.10-macos-yjit/src/ruby/ruby-3.4.10/yjit/target/release/libyjit.a(yjit.yjit.e764bc1c-cgu.10.rcgu.o) unable to open object file: No such file or directory
warning: (arm64) /Users/runner/work/ruby/ruby/.build/3.4.10-macos-yjit/src/ruby/ruby-3.4.10/yjit/target/release/libyjit.a(yjit.yjit.e764bc1c-cgu.11.rcgu.o) unable to open object file: No such file or directory
warning: (arm64) /Users/runner/work/ruby/ruby/.build/3.4.10-macos-yjit/src/ruby/ruby-3.4.10/yjit/target/release/libyjit.a(yjit.yjit.e764bc1c-cgu.12.rcgu.o) unable to open object file: No such file or directory
warning: (arm64) /Users/runner/work/ruby/ruby/.build/3.4.10-macos-yjit/src/ruby/ruby-3.4.10/yjit/target/release/libyjit.a(yjit.yjit.e764bc1c-cgu.13.rcgu.o) unable to open object file: No such file or directory
warning: (arm64) /Users/runner/work/ruby/ruby/.build/3.4.10-macos-yjit/src/ruby/ruby-3.4.10/yjit/target/release/libyjit.a(yjit.yjit.e764bc1c-cgu.14.rcgu.o) unable to open object file: No such file or directory
warning: (arm64) /Users/runner/work/ruby/ruby/.build/3.4.10-macos-yjit/src/ruby/ruby-3.4.10/yjit/target/release/libyjit.a(yjit.yjit.e764bc1c-cgu.15.rcgu.o) unable to open object file: No such file or directory
warning: (arm64) /Users/runner/work/ruby/ruby/.build/3.4.10-macos-yjit/src/ruby/ruby-3.4.10/yjit/target/release/libyjit.a(yjit.yjit.e764bc1c-cgu.2.rcgu.o) unable to open object file: No such file or directory
warning: (arm64) /Users/runner/work/ruby/ruby/.build/3.4.10-macos-yjit/src/ruby/ruby-3.4.10/yjit/target/release/libyjit.a(yjit.yjit.e764bc1c-cgu.3.rcgu.o) unable to open object file: No such file or directory
warning: (arm64) /Users/runner/work/ruby/ruby/.build/3.4.10-macos-yjit/src/ruby/ruby-3.4.10/yjit/target/release/libyjit.a(yjit.yjit.e764bc1c-cgu.4.rcgu.o) unable to open object file: No such file or directory
warning: (arm64) /Users/runner/work/ruby/ruby/.build/3.4.10-macos-yjit/src/ruby/ruby-3.4.10/yjit/target/release/libyjit.a(yjit.yjit.e764bc1c-cgu.5.rcgu.o) unable to open object file: No such file or directory
warning: (arm64) /Users/runner/work/ruby/ruby/.build/3.4.10-macos-yjit/src/ruby/ruby-3.4.10/yjit/target/release/libyjit.a(yjit.yjit.e764bc1c-cgu.6.rcgu.o) unable to open object file: No such file or directory
warning: (arm64) /Users/runner/work/ruby/ruby/.build/3.4.10-macos-yjit/src/ruby/ruby-3.4.10/yjit/target/release/libyjit.a(yjit.yjit.e764bc1c-cgu.7.rcgu.o) unable to open object file: No such file or directory
warning: (arm64) /Users/runner/work/ruby/ruby/.build/3.4.10-macos-yjit/src/ruby/ruby-3.4.10/yjit/target/release/libyjit.a(yjit.yjit.e764bc1c-cgu.8.rcgu.o) unable to open object file: No such file or directory
warning: (arm64) /Users/runner/work/ruby/ruby/.build/3.4.10-macos-yjit/src/ruby/ruby-3.4.10/yjit/target/release/libyjit.a(yjit.yjit.e764bc1c-cgu.9.rcgu.o) unable to open object file: No such file or directory
checked program was:
/* begin */
 1: #include "ruby.h"
 2: 
 3: #include <ruby.h>
 4: 
 5: /*top*/
 6: extern int t(void);
 7: int main(int argc, char **argv)
 8: {
 9:   if (argc > 1000000) {
10:     int (* volatile tp)(void)=(int (*)(void))&t;
11:     printf("%d", (*tp)());
12:   }
13: 
14:   return !!argv[argc];
15: }
16: int t(void) { void ((*volatile p)()); p = (void ((*)()))rb_hash_bulk_insert; return !p; }
/* end */

--------------------

have_func: checking for ruby_xfree_sized() in ruby.h... -------------------- no

DYLD_LIBRARY_PATH=.:/Users/neil/.local/share/mise/installs/ruby/3.4.10/lib ASAN_OPTIONS=detect_leaks=0 "cc -o conftest -I/Users/neil/.local/share/mise/installs/ruby/3.4.10/include/ruby-3.4.0/arm64-darwin23 -I/Users/neil/.local/share/mise/installs/ruby/3.4.10/include/ruby-3.4.0/ruby/backward -I/Users/neil/.local/share/mise/installs/ruby/3.4.10/include/ruby-3.4.0 -I. -include stdbool.h -I/Users/neil/.local/share/mise/installs/ruby/3.4.10/include -D_XOPEN_SOURCE -D_DARWIN_C_SOURCE -D_DARWIN_UNLIMITED_SELECT -D_REENTRANT   -fstack-protector-strong -U_FORTIFY_SOURCE -D_FORTIFY_SOURCE=2 -fdeclspec -O3 -fno-fast-math -ggdb3 -Wall -Wextra -Wextra-tokens -Wdeprecated-declarations -Wdivision-by-zero -Wdiv-by-zero -Wimplicit-function-declaration -Wimplicit-int -Wpointer-arith -Wshorten-64-to-32 -Wwrite-strings -Wold-style-definition -Wmissing-noreturn -Wno-cast-function-type -Wno-constant-logical-operand -Wno-long-long -Wno-missing-field-initializers -Wno-overlength-strings -Wno-parentheses-equality -Wno-self-assign -Wno-tautological-compare -Wno-unused-parameter -Wno-unused-value -Wunused-variable -Wundef -pipe conftest.c -L. -L/Users/neil/.local/share/mise/installs/ruby/3.4.10/lib -L/Users/neil/.local/share/mise/installs/ruby/3.4.10/lib -L. -fstack-protector-strong  -arch arm64   -lruby.3.4-static -framework CoreFoundation -ldl -lobjc -lpthread   -lpthread "
conftest.c:16:57: error: use of undeclared identifier 'ruby_xfree_sized'
   16 | int t(void) { void ((*volatile p)()); p = (void ((*)()))ruby_xfree_sized; return !p; }
      |                                                         ^
1 error generated.
checked program was:
/* begin */
 1: #include "ruby.h"
 2: 
 3: #include <ruby.h>
 4: 
 5: /*top*/
 6: extern int t(void);
 7: int main(int argc, char **argv)
 8: {
 9:   if (argc > 1000000) {
10:     int (* volatile tp)(void)=(int (*)(void))&t;
11:     printf("%d", (*tp)());
12:   }
13: 
14:   return !!argv[argc];
15: }
16: int t(void) { void ((*volatile p)()); p = (void ((*)()))ruby_xfree_sized; return !p; }
/* end */

DYLD_LIBRARY_PATH=.:/Users/neil/.local/share/mise/installs/ruby/3.4.10/lib ASAN_OPTIONS=detect_leaks=0 "cc -o conftest -I/Users/neil/.local/share/mise/installs/ruby/3.4.10/include/ruby-3.4.0/arm64-darwin23 -I/Users/neil/.local/share/mise/installs/ruby/3.4.10/include/ruby-3.4.0/ruby/backward -I/Users/neil/.local/share/mise/installs/ruby/3.4.10/include/ruby-3.4.0 -I. -include stdbool.h -I/Users/neil/.local/share/mise/installs/ruby/3.4.10/include -D_XOPEN_SOURCE -D_DARWIN_C_SOURCE -D_DARWIN_UNLIMITED_SELECT -D_REENTRANT   -fstack-protector-strong -U_FORTIFY_SOURCE -D_FORTIFY_SOURCE=2 -fdeclspec -O3 -fno-fast-math -ggdb3 -Wall -Wextra -Wextra-tokens -Wdeprecated-declarations -Wdivision-by-zero -Wdiv-by-zero -Wimplicit-function-declaration -Wimplicit-int -Wpointer-arith -Wshorten-64-to-32 -Wwrite-strings -Wold-style-definition -Wmissing-noreturn -Wno-cast-function-type -Wno-constant-logical-operand -Wno-long-long -Wno-missing-field-initializers -Wno-overlength-strings -Wno-parentheses-equality -Wno-self-assign -Wno-tautological-compare -Wno-unused-parameter -Wno-unused-value -Wunused-variable -Wundef -pipe conftest.c -L. -L/Users/neil/.local/share/mise/installs/ruby/3.4.10/lib -L/Users/neil/.local/share/mise/installs/ruby/3.4.10/lib -L. -fstack-protector-strong  -arch arm64   -lruby.3.4-static -framework CoreFoundation -ldl -lobjc -lpthread   -lpthread "
ld: warning: ignoring duplicate libraries: '-lpthread'
Undefined symbols for architecture arm64:
  "_ruby_xfree_sized", referenced from:
      _t in conftest-069e5c.o
ld: symbol(s) not found for architecture arm64
clang: error: linker command failed with exit code 1 (use -v to see invocation)
checked program was:
/* begin */
 1: #include "ruby.h"
 2: 
 3: #include <ruby.h>
 4: 
 5: /*top*/
 6: extern int t(void);
 7: int main(int argc, char **argv)
 8: {
 9:   if (argc > 1000000) {
10:     int (* volatile tp)(void)=(int (*)(void))&t;
11:     printf("%d", (*tp)());
12:   }
13: 
14:   return !!argv[argc];
15: }
16: extern void ruby_xfree_sized();
17: int t(void) { ruby_xfree_sized(); return 0; }
/* end */

--------------------

have_header: checking for x86intrin.h... -------------------- no

DYLD_LIBRARY_PATH=.:/Users/neil/.local/share/mise/installs/ruby/3.4.10/lib ASAN_OPTIONS=detect_leaks=0 "cc -I/Users/neil/.local/share/mise/installs/ruby/3.4.10/include/ruby-3.4.0/arm64-darwin23 -I/Users/neil/.local/share/mise/installs/ruby/3.4.10/include/ruby-3.4.0/ruby/backward -I/Users/neil/.local/share/mise/installs/ruby/3.4.10/include/ruby-3.4.0 -I. -include stdbool.h -I/Users/neil/.local/share/mise/installs/ruby/3.4.10/include -D_XOPEN_SOURCE -D_DARWIN_C_SOURCE -D_DARWIN_UNLIMITED_SELECT -D_REENTRANT   -fstack-protector-strong -U_FORTIFY_SOURCE -D_FORTIFY_SOURCE=2 -fdeclspec -O3 -fno-fast-math -ggdb3 -Wall -Wextra -Wextra-tokens -Wdeprecated-declarations -Wdivision-by-zero -Wdiv-by-zero -Wimplicit-function-declaration -Wimplicit-int -Wpointer-arith -Wshorten-64-to-32 -Wwrite-strings -Wold-style-definition -Wmissing-noreturn -Wno-cast-function-type -Wno-constant-logical-operand -Wno-long-long -Wno-missing-field-initializers -Wno-overlength-strings -Wno-parentheses-equality -Wno-self-assign -Wno-tautological-compare -Wno-unused-parameter -Wno-unused-value -Wunused-variable -Wundef -pipe -arch arm64  -c conftest.c"
In file included from conftest.c:3:
In file included from /Library/Developer/CommandLineTools/usr/lib/clang/16/include/x86intrin.h:15:
/Library/Developer/CommandLineTools/usr/lib/clang/16/include/immintrin.h:14:2: error: "This header is only meant to be used on x86 and x64 architecture"
   14 | #error "This header is only meant to be used on x86 and x64 architecture"
      |  ^
In file included from conftest.c:3:
In file included from /Library/Developer/CommandLineTools/usr/lib/clang/16/include/x86intrin.h:15:
In file included from /Library/Developer/CommandLineTools/usr/lib/clang/16/include/immintrin.h:17:
In file included from /Library/Developer/CommandLineTools/usr/lib/clang/16/include/x86gprintrin.h:15:
/Library/Developer/CommandLineTools/usr/lib/clang/16/include/hresetintrin.h:42:27: error: invalid input constraint 'a' in asm
   42 |   __asm__ ("hreset $0" :: "a"(__eax));
      |                           ^
In file included from conftest.c:3:
In file included from /Library/Developer/CommandLineTools/usr/lib/clang/16/include/x86intrin.h:15:
In file included from /Library/Developer/CommandLineTools/usr/lib/clang/16/include/immintrin.h:21:
/Library/Developer/CommandLineTools/usr/lib/clang/16/include/mmintrin.h:14:2: error: "This header is only meant to be used on x86 and x64 architecture"
   14 | #error "This header is only meant to be used on x86 and x64 architecture"
      |  ^
/Library/Developer/CommandLineTools/usr/lib/clang/16/include/mmintrin.h:54:12: error: invalid conversion between vector type '__m64' (vector of 1 'long long' value) and integer type 'int' of different size
   54 |     return (__m64)__builtin_ia32_vec_init_v2si(__i, 0);
      |            ^~~~~~~~~~~~~~~~~~~~~~~~~~~~~~~~~~~~~~~~~~~
/Library/Developer/CommandLineTools/usr/lib/clang/16/include/mmintrin.h:133:12: error: invalid conversion between vector type '__m64' (vector of 1 'long long' value) and integer type 'int' of different size
  133 |     return (__m64)__builtin_ia32_packsswb((__v4hi)__m1, (__v4hi)__m2);
      |            ^~~~~~~~~~~~~~~~~~~~~~~~~~~~~~~~~~~~~~~~~~~~~~~~~~~~~~~~~~
/Library/Developer/CommandLineTools/usr/lib/clang/16/include/mmintrin.h:163:12: error: invalid conversion between vector type '__m64' (vector of 1 'long long' value) and integer type 'int' of different size
  163 |     return (__m64)__builtin_ia32_packssdw((__v2si)__m1, (__v2si)__m2);
      |            ^~~~~~~~~~~~~~~~~~~~~~~~~~~~~~~~~~~~~~~~~~~~~~~~~~~~~~~~~~
/Library/Developer/CommandLineTools/usr/lib/clang/16/include/mmintrin.h:193:12: error: invalid conversion between vector type '__m64' (vector of 1 'long long' value) and integer type 'int' of different size
  193 |     return (__m64)__builtin_ia32_packuswb((__v4hi)__m1, (__v4hi)__m2);
      |            ^~~~~~~~~~~~~~~~~~~~~~~~~~~~~~~~~~~~~~~~~~~~~~~~~~~~~~~~~~
/Library/Developer/CommandLineTools/usr/lib/clang/16/include/mmintrin.h:220:12: error: invalid conversion between vector type '__m64' (vector of 1 'long long' value) and integer type 'int' of different size
  220 |     return (__m64)__builtin_ia32_punpckhbw((__v8qi)__m1, (__v8qi)__m2);
      |            ^~~~~~~~~~~~~~~~~~~~~~~~~~~~~~~~~~~~~~~~~~~~~~~~~~~~~~~~~~~
/Library/Developer/CommandLineTools/usr/lib/clang/16/include/mmintrin.h:243:12: error: invalid conversion between vector type '__m64' (vector of 1 'long long' value) and integer type 'int' of different size
  243 |     return (__m64)__builtin_ia32_punpckhwd((__v4hi)__m1, (__v4hi)__m2);
      |            ^~~~~~~~~~~~~~~~~~~~~~~~~~~~~~~~~~~~~~~~~~~~~~~~~~~~~~~~~~~
/Library/Developer/CommandLineTools/usr/lib/clang/16/include/mmintrin.h:264:12: error: invalid conversion between vector type '__m64' (vector of 1 'long long' value) and integer type 'int' of different size
  264 |     return (__m64)__builtin_ia32_punpckhdq((__v2si)__m1, (__v2si)__m2);
      |            ^~~~~~~~~~~~~~~~~~~~~~~~~~~~~~~~~~~~~~~~~~~~~~~~~~~~~~~~~~~
/Library/Developer/CommandLineTools/usr/lib/clang/16/include/mmintrin.h:291:12: error: invalid conversion between vector type '__m64' (vector of 1 'long long' value) and integer type 'int' of different size
  291 |     return (__m64)__builtin_ia32_punpcklbw((__v8qi)__m1, (__v8qi)__m2);
      |            ^~~~~~~~~~~~~~~~~~~~~~~~~~~~~~~~~~~~~~~~~~~~~~~~~~~~~~~~~~~
/Library/Developer/CommandLineTools/usr/lib/clang/16/include/mmintrin.h:314:12: error: invalid conversion between vector type '__m64' (vector of 1 'long long' value) and integer type 'int' of different size
  314 |     return (__m64)__builtin_ia32_punpcklwd((__v4hi)__m1, (__v4hi)__m2);
      |            ^~~~~~~~~~~~~~~~~~~~~~~~~~~~~~~~~~~~~~~~~~~~~~~~~~~~~~~~~~~
/Library/Developer/CommandLineTools/usr/lib/clang/16/include/mmintrin.h:335:12: error: invalid conversion between vector type '__m64' (vector of 1 'long long' value) and integer type 'int' of different size
  335 |     return (__m64)__builtin_ia32_punpckldq((__v2si)__m1, (__v2si)__m2);
      |            ^~~~~~~~~~~~~~~~~~~~~~~~~~~~~~~~~~~~~~~~~~~~~~~~~~~~~~~~~~~
/Library/Developer/CommandLineTools/usr/lib/clang/16/include/mmintrin.h:356:12: error: invalid conversion between vector type '__m64' (vector of 1 'long long' value) and integer type 'int' of different size
  356 |     return (__m64)__builtin_ia32_paddb((__v8qi)__m1, (__v8qi)__m2);
      |            ^~~~~~~~~~~~~~~~~~~~~~~~~~~~~~~~~~~~~~~~~~~~~~~~~~~~~~~
/Library/Developer/CommandLineTools/usr/lib/clang/16/include/mmintrin.h:377:12: error: invalid conversion between vector type '__m64' (vector of 1 'long long' value) and integer type 'int' of different size
  377 |     return (__m64)__builtin_ia32_paddw((__v4hi)__m1, (__v4hi)__m2);
      |            ^~~~~~~~~~~~~~~~~~~~~~~~~~~~~~~~~~~~~~~~~~~~~~~~~~~~~~~
/Library/Developer/CommandLineTools/usr/lib/clang/16/include/mmintrin.h:398:12: error: invalid conversion between vector type '__m64' (vector of 1 'long long' value) and integer type 'int' of different size
  398 |     return (__m64)__builtin_ia32_paddd((__v2si)__m1, (__v2si)__m2);
      |            ^~~~~~~~~~~~~~~~~~~~~~~~~~~~~~~~~~~~~~~~~~~~~~~~~~~~~~~
/Library/Developer/CommandLineTools/usr/lib/clang/16/include/mmintrin.h:420:12: error: invalid conversion between vector type '__m64' (vector of 1 'long long' value) and integer type 'int' of different size
  420 |     return (__m64)__builtin_ia32_paddsb((__v8qi)__m1, (__v8qi)__m2);
      |            ^~~~~~~~~~~~~~~~~~~~~~~~~~~~~~~~~~~~~~~~~~~~~~~~~~~~~~~~
/Library/Developer/CommandLineTools/usr/lib/clang/16/include/mmintrin.h:443:12: error: invalid conversion between vector type '__m64' (vector of 1 'long long' value) and integer type 'int' of different size
  443 |     return (__m64)__builtin_ia32_paddsw((__v4hi)__m1, (__v4hi)__m2);
      |            ^~~~~~~~~~~~~~~~~~~~~~~~~~~~~~~~~~~~~~~~~~~~~~~~~~~~~~~~
/Library/Developer/CommandLineTools/usr/lib/clang/16/include/mmintrin.h:465:12: error: invalid conversion between vector type '__m64' (vector of 1 'long long' value) and integer type 'int' of different size
  465 |     return (__m64)__builtin_ia32_paddusb((__v8qi)__m1, (__v8qi)__m2);
      |            ^~~~~~~~~~~~~~~~~~~~~~~~~~~~~~~~~~~~~~~~~~~~~~~~~~~~~~~~~
fatal error: too many errors emitted, stopping now [-ferror-limit=]
20 errors generated.
checked program was:
/* begin */
1: #include "ruby.h"
2: 
3: #include <x86intrin.h>
/* end */

--------------------

have_header: checking for intrin.h... -------------------- no

DYLD_LIBRARY_PATH=.:/Users/neil/.local/share/mise/installs/ruby/3.4.10/lib ASAN_OPTIONS=detect_leaks=0 "cc -I/Users/neil/.local/share/mise/installs/ruby/3.4.10/include/ruby-3.4.0/arm64-darwin23 -I/Users/neil/.local/share/mise/installs/ruby/3.4.10/include/ruby-3.4.0/ruby/backward -I/Users/neil/.local/share/mise/installs/ruby/3.4.10/include/ruby-3.4.0 -I. -include stdbool.h -I/Users/neil/.local/share/mise/installs/ruby/3.4.10/include -D_XOPEN_SOURCE -D_DARWIN_C_SOURCE -D_DARWIN_UNLIMITED_SELECT -D_REENTRANT   -fstack-protector-strong -U_FORTIFY_SOURCE -D_FORTIFY_SOURCE=2 -fdeclspec -O3 -fno-fast-math -ggdb3 -Wall -Wextra -Wextra-tokens -Wdeprecated-declarations -Wdivision-by-zero -Wdiv-by-zero -Wimplicit-function-declaration -Wimplicit-int -Wpointer-arith -Wshorten-64-to-32 -Wwrite-strings -Wold-style-definition -Wmissing-noreturn -Wno-cast-function-type -Wno-constant-logical-operand -Wno-long-long -Wno-missing-field-initializers -Wno-overlength-strings -Wno-parentheses-equality -Wno-self-assign -Wno-tautological-compare -Wno-unused-parameter -Wno-unused-value -Wunused-variable -Wundef -pipe -arch arm64  -c conftest.c"
In file included from conftest.c:3:
/Library/Developer/CommandLineTools/usr/lib/clang/16/include/intrin.h:12:15: fatal error: 'intrin.h' file not found
   12 | #include_next <intrin.h>
      |               ^~~~~~~~~~
1 error generated.
checked program was:
/* begin */
1: #include "ruby.h"
2: 
3: #include <intrin.h>
/* end */

--------------------

have_const: checking for RUBY_TYPED_EMBEDDABLE in ruby.h... -------------------- yes

DYLD_LIBRARY_PATH=.:/Users/neil/.local/share/mise/installs/ruby/3.4.10/lib ASAN_OPTIONS=detect_leaks=0 "cc -I/Users/neil/.local/share/mise/installs/ruby/3.4.10/include/ruby-3.4.0/arm64-darwin23 -I/Users/neil/.local/share/mise/installs/ruby/3.4.10/include/ruby-3.4.0/ruby/backward -I/Users/neil/.local/share/mise/installs/ruby/3.4.10/include/ruby-3.4.0 -I. -include stdbool.h -I/Users/neil/.local/share/mise/installs/ruby/3.4.10/include -D_XOPEN_SOURCE -D_DARWIN_C_SOURCE -D_DARWIN_UNLIMITED_SELECT -D_REENTRANT   -fstack-protector-strong -U_FORTIFY_SOURCE -D_FORTIFY_SOURCE=2 -fdeclspec -O3 -fno-fast-math -ggdb3 -Wall -Wextra -Wextra-tokens -Wdeprecated-declarations -Wdivision-by-zero -Wdiv-by-zero -Wimplicit-function-declaration -Wimplicit-int -Wpointer-arith -Wshorten-64-to-32 -Wwrite-strings -Wold-style-definition -Wmissing-noreturn -Wno-cast-function-type -Wno-constant-logical-operand -Wno-long-long -Wno-missing-field-initializers -Wno-overlength-strings -Wno-parentheses-equality -Wno-self-assign -Wno-tautological-compare -Wno-unused-parameter -Wno-unused-value -Wunused-variable -Wundef -pipe -arch arm64  -c conftest.c"
checked program was:
/* begin */
1: #include "ruby.h"
2: 
3: #include <ruby.h>
4: 
5: /*top*/
6: typedef int conftest_type;
7: conftest_type conftestval = (int)RUBY_TYPED_EMBEDDABLE;
/* end */

--------------------

append_cflags: checking for whether -std=c99 is accepted as CFLAGS... -------------------- yes

DYLD_LIBRARY_PATH=.:/Users/neil/.local/share/mise/installs/ruby/3.4.10/lib ASAN_OPTIONS=detect_leaks=0 "cc -I/Users/neil/.local/share/mise/installs/ruby/3.4.10/include/ruby-3.4.0/arm64-darwin23 -I/Users/neil/.local/share/mise/installs/ruby/3.4.10/include/ruby-3.4.0/ruby/backward -I/Users/neil/.local/share/mise/installs/ruby/3.4.10/include/ruby-3.4.0 -I. -include stdbool.h -I/Users/neil/.local/share/mise/installs/ruby/3.4.10/include -D_XOPEN_SOURCE -D_DARWIN_C_SOURCE -D_DARWIN_UNLIMITED_SELECT -D_REENTRANT   -fstack-protector-strong -U_FORTIFY_SOURCE -D_FORTIFY_SOURCE=2 -fdeclspec -O3 -fno-fast-math -ggdb3 -Wall -Wextra -Wextra-tokens -Wdeprecated-declarations -Wdivision-by-zero -Wdiv-by-zero -Wimplicit-function-declaration -Wimplicit-int -Wpointer-arith -Wshorten-64-to-32 -Wwrite-strings -Wold-style-definition -Wmissing-noreturn -Wno-cast-function-type -Wno-constant-logical-operand -Wno-long-long -Wno-missing-field-initializers -Wno-overlength-strings -Wno-parentheses-equality -Wno-self-assign -Wno-tautological-compare -Wno-unused-parameter -Wno-unused-value -Wunused-variable -Wundef -pipe -arch arm64 -std=c99 -Werror -c conftest.c"
checked program was:
/* begin */
1: #include "ruby.h"
2: 
3: int main(int argc, char **argv)
4: {
5:   return !!argv[argc];
6: }
/* end */

--------------------

append_cflags: checking for whether -mno-outline is accepted as CFLAGS... -------------------- yes

DYLD_LIBRARY_PATH=.:/Users/neil/.local/share/mise/installs/ruby/3.4.10/lib ASAN_OPTIONS=detect_leaks=0 "cc -I/Users/neil/.local/share/mise/installs/ruby/3.4.10/include/ruby-3.4.0/arm64-darwin23 -I/Users/neil/.local/share/mise/installs/ruby/3.4.10/include/ruby-3.4.0/ruby/backward -I/Users/neil/.local/share/mise/installs/ruby/3.4.10/include/ruby-3.4.0 -I. -include stdbool.h -I/Users/neil/.local/share/mise/installs/ruby/3.4.10/include -D_XOPEN_SOURCE -D_DARWIN_C_SOURCE -D_DARWIN_UNLIMITED_SELECT -D_REENTRANT   -fstack-protector-strong -U_FORTIFY_SOURCE -D_FORTIFY_SOURCE=2 -fdeclspec -O3 -fno-fast-math -ggdb3 -Wall -Wextra -Wextra-tokens -Wdeprecated-declarations -Wdivision-by-zero -Wdiv-by-zero -Wimplicit-function-declaration -Wimplicit-int -Wpointer-arith -Wshorten-64-to-32 -Wwrite-strings -Wold-style-definition -Wmissing-noreturn -Wno-cast-function-type -Wno-constant-logical-operand -Wno-long-long -Wno-missing-field-initializers -Wno-overlength-strings -Wno-parentheses-equality -Wno-self-assign -Wno-tautological-compare -Wno-unused-parameter -Wno-unused-value -Wunused-variable -Wundef -pipe -std=c99 -arch arm64 -mno-outline -Werror -c conftest.c"
checked program was:
/* begin */
1: #include "ruby.h"
2: 
3: int main(int argc, char **argv)
4: {
5:   return !!argv[argc];
6: }
/* end */

--------------------

have_header: checking for arm_neon.h... -------------------- yes

DYLD_LIBRARY_PATH=.:/Users/neil/.local/share/mise/installs/ruby/3.4.10/lib ASAN_OPTIONS=detect_leaks=0 "cc -I/Users/neil/.local/share/mise/installs/ruby/3.4.10/include/ruby-3.4.0/arm64-darwin23 -I/Users/neil/.local/share/mise/installs/ruby/3.4.10/include/ruby-3.4.0/ruby/backward -I/Users/neil/.local/share/mise/installs/ruby/3.4.10/include/ruby-3.4.0 -I. -include stdbool.h -I/Users/neil/.local/share/mise/installs/ruby/3.4.10/include -D_XOPEN_SOURCE -D_DARWIN_C_SOURCE -D_DARWIN_UNLIMITED_SELECT -D_REENTRANT   -fstack-protector-strong -U_FORTIFY_SOURCE -D_FORTIFY_SOURCE=2 -fdeclspec -O3 -fno-fast-math -ggdb3 -Wall -Wextra -Wextra-tokens -Wdeprecated-declarations -Wdivision-by-zero -Wdiv-by-zero -Wimplicit-function-declaration -Wimplicit-int -Wpointer-arith -Wshorten-64-to-32 -Wwrite-strings -Wold-style-definition -Wmissing-noreturn -Wno-cast-function-type -Wno-constant-logical-operand -Wno-long-long -Wno-missing-field-initializers -Wno-overlength-strings -Wno-parentheses-equality -Wno-self-assign -Wno-tautological-compare -Wno-unused-parameter -Wno-unused-value -Wunused-variable -Wundef -pipe -std=c99 -mno-outline -arch arm64  -c conftest.c"
checked program was:
/* begin */
1: #include "ruby.h"
2: 
3: #include <arm_neon.h>
/* end */

--------------------

DYLD_LIBRARY_PATH=.:/Users/neil/.local/share/mise/installs/ruby/3.4.10/lib ASAN_OPTIONS=detect_leaks=0 "cc -I/Users/neil/.local/share/mise/installs/ruby/3.4.10/include/ruby-3.4.0/arm64-darwin23 -I/Users/neil/.local/share/mise/installs/ruby/3.4.10/include/ruby-3.4.0/ruby/backward -I/Users/neil/.local/share/mise/installs/ruby/3.4.10/include/ruby-3.4.0 -I. -include stdbool.h -I/Users/neil/.local/share/mise/installs/ruby/3.4.10/include -D_XOPEN_SOURCE -D_DARWIN_C_SOURCE -D_DARWIN_UNLIMITED_SELECT -D_REENTRANT   -fstack-protector-strong -U_FORTIFY_SOURCE -D_FORTIFY_SOURCE=2 -fdeclspec -O3 -fno-fast-math -ggdb3 -Wall -Wextra -Wextra-tokens -Wdeprecated-declarations -Wdivision-by-zero -Wdiv-by-zero -Wimplicit-function-declaration -Wimplicit-int -Wpointer-arith -Wshorten-64-to-32 -Wwrite-strings -Wold-style-definition -Wmissing-noreturn -Wno-cast-function-type -Wno-constant-logical-operand -Wno-long-long -Wno-missing-field-initializers -Wno-overlength-strings -Wno-parentheses-equality -Wno-self-assign -Wno-tautological-compare -Wno-unused-parameter -Wno-unused-value -Wunused-variable -Wundef -pipe -std=c99 -mno-outline -arch arm64 -Werror=implicit-function-declaration -c conftest.c"
checked program was:
/* begin */
 1: #include "ruby.h"
 2: 
 3: #include <arm_neon.h>
 4: 
 5: int main(int argc, char **argv) {
 6:   uint8x16_t test = vdupq_n_u8(32);
 7: 
 8:   if (argc > 100000) printf("%p", &test);
 9:   return 0;
10: }
/* end */

have_header: checking for cpuid.h... -------------------- no

DYLD_LIBRARY_PATH=.:/Users/neil/.local/share/mise/installs/ruby/3.4.10/lib ASAN_OPTIONS=detect_leaks=0 "cc -I/Users/neil/.local/share/mise/installs/ruby/3.4.10/include/ruby-3.4.0/arm64-darwin23 -I/Users/neil/.local/share/mise/installs/ruby/3.4.10/include/ruby-3.4.0/ruby/backward -I/Users/neil/.local/share/mise/installs/ruby/3.4.10/include/ruby-3.4.0 -I. -include stdbool.h -I/Users/neil/.local/share/mise/installs/ruby/3.4.10/include -D_XOPEN_SOURCE -D_DARWIN_C_SOURCE -D_DARWIN_UNLIMITED_SELECT -D_REENTRANT   -fstack-protector-strong -U_FORTIFY_SOURCE -D_FORTIFY_SOURCE=2 -fdeclspec -O3 -fno-fast-math -ggdb3 -Wall -Wextra -Wextra-tokens -Wdeprecated-declarations -Wdivision-by-zero -Wdiv-by-zero -Wimplicit-function-declaration -Wimplicit-int -Wpointer-arith -Wshorten-64-to-32 -Wwrite-strings -Wold-style-definition -Wmissing-noreturn -Wno-cast-function-type -Wno-constant-logical-operand -Wno-long-long -Wno-missing-field-initializers -Wno-overlength-strings -Wno-parentheses-equality -Wno-self-assign -Wno-tautological-compare -Wno-unused-parameter -Wno-unused-value -Wunused-variable -Wundef -pipe -std=c99 -mno-outline -arch arm64  -c conftest.c"
In file included from conftest.c:3:
/Library/Developer/CommandLineTools/usr/lib/clang/16/include/cpuid.h:14:2: error: this header is for x86 only
   14 | #error this header is for x86 only
      |  ^
/Library/Developer/CommandLineTools/usr/lib/clang/16/include/cpuid.h:298:5: error: invalid output constraint '=a' in asm
  298 |     __cpuid(__leaf, __eax, __ebx, __ecx, __edx);
      |     ^
/Library/Developer/CommandLineTools/usr/lib/clang/16/include/cpuid.h:262:11: note: expanded from macro '__cpuid'
  262 |         : "=a"(__eax), "=r" (__ebx), "=c"(__ecx), "=d"(__edx) \
      |           ^
/Library/Developer/CommandLineTools/usr/lib/clang/16/include/cpuid.h:313:5: error: invalid output constraint '=a' in asm
  313 |     __cpuid(__leaf, *__eax, *__ebx, *__ecx, *__edx);
      |     ^
/Library/Developer/CommandLineTools/usr/lib/clang/16/include/cpuid.h:262:11: note: expanded from macro '__cpuid'
  262 |         : "=a"(__eax), "=r" (__ebx), "=c"(__ecx), "=d"(__edx) \
      |           ^
/Library/Developer/CommandLineTools/usr/lib/clang/16/include/cpuid.h:327:5: error: invalid output constraint '=a' in asm
  327 |     __cpuid_count(__leaf, __subleaf, *__eax, *__ebx, *__ecx, *__edx);
      |     ^
/Library/Developer/CommandLineTools/usr/lib/clang/16/include/cpuid.h:269:11: note: expanded from macro '__cpuid_count'
  269 |         : "=a"(__eax), "=r" (__ebx), "=c"(__ecx), "=d"(__edx) \
      |           ^
4 errors generated.
checked program was:
/* begin */
1: #include "ruby.h"
2: 
3: #include <cpuid.h>
/* end */

--------------------

