current directory: /Users/neil/Projects/project-wander/tripsapi/vendor/bundle/ruby/3.4.0/gems/bcrypt-3.1.22/ext/mri
/Users/neil/.local/share/mise/installs/ruby/3.4.10/bin/ruby extconf.rb
creating Makefile

current directory: /Users/neil/Projects/project-wander/tripsapi/vendor/bundle/ruby/3.4.0/gems/bcrypt-3.1.22/ext/mri
make -j9 DESTDIR\= sitearchdir\=./.gem.20260927-2110-4x5yis sitelibdir\=./.gem.20260927-2110-4x5yis clean

current directory: /Users/neil/Projects/project-wander/tripsapi/vendor/bundle/ruby/3.4.0/gems/bcrypt-3.1.22/ext/mri
make -j9 DESTDIR\= sitearchdir\=./.gem.20260927-2110-4x5yis sitelibdir\=./.gem.20260927-2110-4x5yis
compiling bcrypt_ext.c
compiling crypt_blowfish.c
cc  -D__SKIP_GNU -include stdbool.h -I/Users/neil/.local/share/mise/installs/ruby/3.4.10/include -D_XOPEN_SOURCE -D_DARWIN_C_SOURCE -D_DARWIN_UNLIMITED_SELECT -D_REENTRANT    -c -o x86.o x86.S
compiling crypt_gensalt.c
compiling wrapper.c
wrapper.c:182:60: warning: declaration of 'struct crypt_data' will not be visible outside of this function [-Wvisibility]
  182 | char *crypt_r(const char *key, const char *setting, struct crypt_data *data)
      |                                                            ^
bcrypt_ext.c:41:38: warning: implicit conversion loses integer precision: 'long' to 'int' [-Wshorten-64-to-32]
   41 |     args.size   = NIL_P(input) ? 0 : RSTRING_LEN(input);
      |                 ~                    ^~~~~~~~~~~~~~~~~~
/Users/neil/.local/share/mise/installs/ruby/3.4.10/include/ruby-3.4.0/ruby/internal/core/rstring.h:46:27: note: expanded from macro 'RSTRING_LEN'
   46 | #define RSTRING_LEN       RSTRING_LEN
      |                           ^
1 warning generated.
1 warning generated.
linking shared-object bcrypt_ext.bundle

current directory: /Users/neil/Projects/project-wander/tripsapi/vendor/bundle/ruby/3.4.0/gems/bcrypt-3.1.22/ext/mri
make -j9 DESTDIR\= sitearchdir\=./.gem.20260927-2110-4x5yis sitelibdir\=./.gem.20260927-2110-4x5yis install
/usr/bin/install -c -m 0755 bcrypt_ext.bundle ./.gem.20260927-2110-4x5yis

current directory: /Users/neil/Projects/project-wander/tripsapi/vendor/bundle/ruby/3.4.0/gems/bcrypt-3.1.22/ext/mri
make DESTDIR\= sitearchdir\=./.gem.20260927-2110-4x5yis sitelibdir\=./.gem.20260927-2110-4x5yis clean
