current directory: /Users/neil/Projects/project-wander/tripsapi/vendor/bundle/ruby/3.4.0/gems/io-console-0.9.2/ext/io/console
/Users/neil/.local/share/mise/installs/ruby/3.4.10/bin/ruby extconf.rb
checking for rb_interned_str_cstr()... yes
checking for rb_ractor_local_storage_value_newkey()... yes
checking for rb_io_descriptor() in ruby/io.h... yes
checking for rb_io_path() in ruby/io.h... yes
checking for rb_io_closed_p() in ruby/io.h... yes
checking for rb_io_open_descriptor() in ruby/io.h... yes
checking for termios.h... yes
checking for cfmakeraw() in termios.h... yes
checking for sys/ioctl.h... yes
checking for HAVE_RUBY_FIBER_SCHEDULER_H... yes
checking for rb_category_warn()... yes
checking for RB_WARN_CATEGORY_DEPRECATED... yes
checking for ttyname_r()... yes
checking for rb_prepend_module()... yes
creating Makefile

current directory: /Users/neil/Projects/project-wander/tripsapi/vendor/bundle/ruby/3.4.0/gems/io-console-0.9.2/ext/io/console
make -j9 DESTDIR\= sitearchdir\=./.gem.20260927-2110-8ny1ae sitelibdir\=./.gem.20260927-2110-8ny1ae clean

current directory: /Users/neil/Projects/project-wander/tripsapi/vendor/bundle/ruby/3.4.0/gems/io-console-0.9.2/ext/io/console
make -j9 DESTDIR\= sitearchdir\=./.gem.20260927-2110-8ny1ae sitelibdir\=./.gem.20260927-2110-8ny1ae
compiling console.c
linking shared-object io/console.bundle

current directory: /Users/neil/Projects/project-wander/tripsapi/vendor/bundle/ruby/3.4.0/gems/io-console-0.9.2/ext/io/console
make -j9 DESTDIR\= sitearchdir\=./.gem.20260927-2110-8ny1ae sitelibdir\=./.gem.20260927-2110-8ny1ae install
/usr/bin/install -c -m 0755 console.bundle ./.gem.20260927-2110-8ny1ae/io

current directory: /Users/neil/Projects/project-wander/tripsapi/vendor/bundle/ruby/3.4.0/gems/io-console-0.9.2/ext/io/console
make DESTDIR\= sitearchdir\=./.gem.20260927-2110-8ny1ae sitelibdir\=./.gem.20260927-2110-8ny1ae clean
