have_header: checking for unistd.h... -------------------- yes

DYLD_LIBRARY_PATH=.:/Users/neil/.local/share/mise/installs/ruby/3.4.10/lib ASAN_OPTIONS=detect_leaks=0 "cc -o conftest -I/Users/neil/.local/share/mise/installs/ruby/3.4.10/include/ruby-3.4.0/arm64-darwin23 -I/Users/neil/.local/share/mise/installs/ruby/3.4.10/include/ruby-3.4.0/ruby/backward -I/Users/neil/.local/share/mise/installs/ruby/3.4.10/include/ruby-3.4.0 -I. -include stdbool.h -I/Users/neil/.local/share/mise/installs/ruby/3.4.10/include -D_XOPEN_SOURCE -D_DARWIN_C_SOURCE -D_DARWIN_UNLIMITED_SELECT -D_REENTRANT   -fstack-protector-strong -U_FORTIFY_SOURCE -D_FORTIFY_SOURCE=2 -fdeclspec -O3 -fno-fast-math -ggdb3 -Wall -Wextra -Wextra-tokens -Wdeprecated-declarations -Wdivision-by-zero -Wdiv-by-zero -Wimplicit-function-declaration -Wimplicit-int -Wpointer-arith -Wshorten-64-to-32 -Wwrite-strings -Wold-style-definition -Wmissing-noreturn -Wno-cast-function-type -Wno-constant-logical-operand -Wno-long-long -Wno-missing-field-initializers -Wno-overlength-strings -Wno-parentheses-equality -Wno-self-assign -Wno-tautological-compare -Wno-unused-parameter -Wno-unused-value -Wunused-variable -Wundef -pipe conftest.c -L. -L/Users/neil/.local/share/mise/installs/ruby/3.4.10/lib -L/Users/neil/.local/share/mise/installs/ruby/3.4.10/lib -L. -fstack-protector-strong  -arch arm64   -lruby.3.4-static -framework CoreFoundation -ldl -lobjc -lpthread   -lpthread "
ld: warning: ignoring duplicate libraries: '-lpthread'
checked program was:
/* begin */
1: #include "ruby.h"
2: 
3: int main(int argc, char **argv)
4: {
5:   return !!argv[argc];
6: }
/* end */

DYLD_LIBRARY_PATH=.:/Users/neil/.local/share/mise/installs/ruby/3.4.10/lib ASAN_OPTIONS=detect_leaks=0 "cc -I/Users/neil/.local/share/mise/installs/ruby/3.4.10/include/ruby-3.4.0/arm64-darwin23 -I/Users/neil/.local/share/mise/installs/ruby/3.4.10/include/ruby-3.4.0/ruby/backward -I/Users/neil/.local/share/mise/installs/ruby/3.4.10/include/ruby-3.4.0 -I. -include stdbool.h -I/Users/neil/.local/share/mise/installs/ruby/3.4.10/include -D_XOPEN_SOURCE -D_DARWIN_C_SOURCE -D_DARWIN_UNLIMITED_SELECT -D_REENTRANT   -fstack-protector-strong -U_FORTIFY_SOURCE -D_FORTIFY_SOURCE=2 -fdeclspec -O3 -fno-fast-math -ggdb3 -Wall -Wextra -Wextra-tokens -Wdeprecated-declarations -Wdivision-by-zero -Wdiv-by-zero -Wimplicit-function-declaration -Wimplicit-int -Wpointer-arith -Wshorten-64-to-32 -Wwrite-strings -Wold-style-definition -Wmissing-noreturn -Wno-cast-function-type -Wno-constant-logical-operand -Wno-long-long -Wno-missing-field-initializers -Wno-overlength-strings -Wno-parentheses-equality -Wno-self-assign -Wno-tautological-compare -Wno-unused-parameter -Wno-unused-value -Wunused-variable -Wundef -pipe -arch arm64  -c conftest.c"
checked program was:
/* begin */
1: #include "ruby.h"
2: 
3: #include <unistd.h>
/* end */

--------------------

have_func: checking for rb_io_descriptor()... -------------------- yes

DYLD_LIBRARY_PATH=.:/Users/neil/.local/share/mise/installs/ruby/3.4.10/lib ASAN_OPTIONS=detect_leaks=0 "cc -o conftest -I/Users/neil/.local/share/mise/installs/ruby/3.4.10/include/ruby-3.4.0/arm64-darwin23 -I/Users/neil/.local/share/mise/installs/ruby/3.4.10/include/ruby-3.4.0/ruby/backward -I/Users/neil/.local/share/mise/installs/ruby/3.4.10/include/ruby-3.4.0 -I. -include stdbool.h -I/Users/neil/.local/share/mise/installs/ruby/3.4.10/include -D_XOPEN_SOURCE -D_DARWIN_C_SOURCE -D_DARWIN_UNLIMITED_SELECT -D_REENTRANT   -fstack-protector-strong -U_FORTIFY_SOURCE -D_FORTIFY_SOURCE=2 -fdeclspec -O3 -fno-fast-math -ggdb3 -Wall -Wextra -Wextra-tokens -Wdeprecated-declarations -Wdivision-by-zero -Wdiv-by-zero -Wimplicit-function-declaration -Wimplicit-int -Wpointer-arith -Wshorten-64-to-32 -Wwrite-strings -Wold-style-definition -Wmissing-noreturn -Wno-cast-function-type -Wno-constant-logical-operand -Wno-long-long -Wno-missing-field-initializers -Wno-overlength-strings -Wno-parentheses-equality -Wno-self-assign -Wno-tautological-compare -Wno-unused-parameter -Wno-unused-value -Wunused-variable -Wundef -pipe conftest.c -L. -L/Users/neil/.local/share/mise/installs/ruby/3.4.10/lib -L/Users/neil/.local/share/mise/installs/ruby/3.4.10/lib -L. -fstack-protector-strong  -arch arm64   -lruby.3.4-static -framework CoreFoundation -ldl -lobjc -lpthread   -lpthread "
conftest.c:14:57: error: use of undeclared identifier 'rb_io_descriptor'
   14 | int t(void) { void ((*volatile p)()); p = (void ((*)()))rb_io_descriptor; return !p; }
      |                                                         ^
1 error generated.
checked program was:
/* begin */
 1: #include "ruby.h"
 2: 
 3: /*top*/
 4: extern int t(void);
 5: int main(int argc, char **argv)
 6: {
 7:   if (argc > 1000000) {
 8:     int (* volatile tp)(void)=(int (*)(void))&t;
 9:     printf("%d", (*tp)());
10:   }
11: 
12:   return !!argv[argc];
13: }
14: int t(void) { void ((*volatile p)()); p = (void ((*)()))rb_io_descriptor; return !p; }
/* end */

DYLD_LIBRARY_PATH=.:/Users/neil/.local/share/mise/installs/ruby/3.4.10/lib ASAN_OPTIONS=detect_leaks=0 "cc -o conftest -I/Users/neil/.local/share/mise/installs/ruby/3.4.10/include/ruby-3.4.0/arm64-darwin23 -I/Users/neil/.local/share/mise/installs/ruby/3.4.10/include/ruby-3.4.0/ruby/backward -I/Users/neil/.local/share/mise/installs/ruby/3.4.10/include/ruby-3.4.0 -I. -include stdbool.h -I/Users/neil/.local/share/mise/installs/ruby/3.4.10/include -D_XOPEN_SOURCE -D_DARWIN_C_SOURCE -D_DARWIN_UNLIMITED_SELECT -D_REENTRANT   -fstack-protector-strong -U_FORTIFY_SOURCE -D_FORTIFY_SOURCE=2 -fdeclspec -O3 -fno-fast-math -ggdb3 -Wall -Wextra -Wextra-tokens -Wdeprecated-declarations -Wdivision-by-zero -Wdiv-by-zero -Wimplicit-function-declaration -Wimplicit-int -Wpointer-arith -Wshorten-64-to-32 -Wwrite-strings -Wold-style-definition -Wmissing-noreturn -Wno-cast-function-type -Wno-constant-logical-operand -Wno-long-long -Wno-missing-field-initializers -Wno-overlength-strings -Wno-parentheses-equality -Wno-self-assign -Wno-tautological-compare -Wno-unused-parameter -Wno-unused-value -Wunused-variable -Wundef -pipe conftest.c -L. -L/Users/neil/.local/share/mise/installs/ruby/3.4.10/lib -L/Users/neil/.local/share/mise/installs/ruby/3.4.10/lib -L. -fstack-protector-strong  -arch arm64   -lruby.3.4-static -framework CoreFoundation -ldl -lobjc -lpthread   -lpthread "
ld: warning: ignoring duplicate libraries: '-lpthread'
warning: (arm64) /Users/runner/work/ruby/ruby/.build/3.4.10-macos-yjit/src/ruby/ruby-3.4.10/yjit/target/release/libyjit.a(yjit.alloc-7a08c2dd395a8174.alloc.8bd887cb-cgu.0.rcgu.o.rcgu.o) unable to open object file: No such file or directory
warning: (arm64) /Users/runner/work/ruby/ruby/.build/3.4.10-macos-yjit/src/ruby/ruby-3.4.10/yjit/target/release/libyjit.a(yjit.core-64596866e8fcd459.core.adef6839-cgu.0.rcgu.o.rcgu.o) unable to open object file: No such file or directory
warning: (arm64) /Users/runner/work/ruby/ruby/.build/3.4.10-macos-yjit/src/ruby/ruby-3.4.10/yjit/target/release/libyjit.a(yjit.hashbrown-9fb3325867b89a93.hashbrown.9bf0156c-cgu.0.rcgu.o.rcgu.o) unable to open object file: No such file or directory
warning: (arm64) /Users/runner/work/ruby/ruby/.build/3.4.10-macos-yjit/src/ruby/ruby-3.4.10/yjit/target/release/libyjit.a(yjit.memchr-979ed69233e4feef.memchr.6eb4e99e-cgu.0.rcgu.o.rcgu.o) unable to open object file: No such file or directory
warning: (arm64) /Users/runner/work/ruby/ruby/.build/3.4.10-macos-yjit/src/ruby/ruby-3.4.10/yjit/target/release/libyjit.a(yjit.panic_unwind-128bf621675179b5.panic_unwind.8abac504-cgu.0.rcgu.o.rcgu.o) unable to open object file: No such file or directory
warning: (arm64) /Users/runner/work/ruby/ruby/.build/3.4.10-macos-yjit/src/ruby/ruby-3.4.10/yjit/target/release/libyjit.a(yjit.rustc_demangle-025c156c0170bf7c.rustc_demangle.9a9a29ae-cgu.0.rcgu.o.rcgu.o) unable to open object file: No such file or directory
warning: (arm64) /Users/runner/work/ruby/ruby/.build/3.4.10-macos-yjit/src/ruby/ruby-3.4.10/yjit/target/release/libyjit.a(yjit.std-30760f0676b4a0cb.std.0fbf018a-cgu.0.rcgu.o.rcgu.o) unable to open object file: No such file or directory
warning: (arm64) /Users/runner/work/ruby/ruby/.build/3.4.10-macos-yjit/src/ruby/ruby-3.4.10/yjit/target/release/libyjit.a(yjit.yjit.e764bc1c-cgu.0.rcgu.o) unable to open object file: No such file or directory
warning: (arm64) /Users/runner/work/ruby/ruby/.build/3.4.10-macos-yjit/src/ruby/ruby-3.4.10/yjit/target/release/libyjit.a(yjit.yjit.e764bc1c-cgu.1.rcgu.o) unable to open object file: No such file or directory
warning: (arm64) /Users/runner/work/ruby/ruby/.build/3.4.10-macos-yjit/src/ruby/ruby-3.4.10/yjit/target/release/libyjit.a(yjit.yjit.e764bc1c-cgu.10.rcgu.o) unable to open object file: No such file or directory
warning: (arm64) /Users/runner/work/ruby/ruby/.build/3.4.10-macos-yjit/src/ruby/ruby-3.4.10/yjit/target/release/libyjit.a(yjit.yjit.e764bc1c-cgu.11.rcgu.o) unable to open object file: No such file or directory
warning: (arm64) /Users/runner/work/ruby/ruby/.build/3.4.10-macos-yjit/src/ruby/ruby-3.4.10/yjit/target/release/libyjit.a(yjit.yjit.e764bc1c-cgu.12.rcgu.o) unable to open object file: No such file or directory
warning: (arm64) /Users/runner/work/ruby/ruby/.build/3.4.10-macos-yjit/src/ruby/ruby-3.4.10/yjit/target/release/libyjit.a(yjit.yjit.e764bc1c-cgu.13.rcgu.o) unable to open object file: No such file or directory
warning: (arm64) /Users/runner/work/ruby/ruby/.build/3.4.10-macos-yjit/src/ruby/ruby-3.4.10/yjit/target/release/libyjit.a(yjit.yjit.e764bc1c-cgu.14.rcgu.o) unable to open object file: No such file or directory
warning: (arm64) /Users/runner/work/ruby/ruby/.build/3.4.10-macos-yjit/src/ruby/ruby-3.4.10/yjit/target/release/libyjit.a(yjit.yjit.e764bc1c-cgu.15.rcgu.o) unable to open object file: No such file or directory
warning: (arm64) /Users/runner/work/ruby/ruby/.build/3.4.10-macos-yjit/src/ruby/ruby-3.4.10/yjit/target/release/libyjit.a(yjit.yjit.e764bc1c-cgu.2.rcgu.o) unable to open object file: No such file or directory
warning: (arm64) /Users/runner/work/ruby/ruby/.build/3.4.10-macos-yjit/src/ruby/ruby-3.4.10/yjit/target/release/libyjit.a(yjit.yjit.e764bc1c-cgu.3.rcgu.o) unable to open object file: No such file or directory
warning: (arm64) /Users/runner/work/ruby/ruby/.build/3.4.10-macos-yjit/src/ruby/ruby-3.4.10/yjit/target/release/libyjit.a(yjit.yjit.e764bc1c-cgu.4.rcgu.o) unable to open object file: No such file or directory
warning: (arm64) /Users/runner/work/ruby/ruby/.build/3.4.10-macos-yjit/src/ruby/ruby-3.4.10/yjit/target/release/libyjit.a(yjit.yjit.e764bc1c-cgu.5.rcgu.o) unable to open object file: No such file or directory
warning: (arm64) /Users/runner/work/ruby/ruby/.build/3.4.10-macos-yjit/src/ruby/ruby-3.4.10/yjit/target/release/libyjit.a(yjit.yjit.e764bc1c-cgu.6.rcgu.o) unable to open object file: No such file or directory
warning: (arm64) /Users/runner/work/ruby/ruby/.build/3.4.10-macos-yjit/src/ruby/ruby-3.4.10/yjit/target/release/libyjit.a(yjit.yjit.e764bc1c-cgu.7.rcgu.o) unable to open object file: No such file or directory
warning: (arm64) /Users/runner/work/ruby/ruby/.build/3.4.10-macos-yjit/src/ruby/ruby-3.4.10/yjit/target/release/libyjit.a(yjit.yjit.e764bc1c-cgu.8.rcgu.o) unable to open object file: No such file or directory
warning: (arm64) /Users/runner/work/ruby/ruby/.build/3.4.10-macos-yjit/src/ruby/ruby-3.4.10/yjit/target/release/libyjit.a(yjit.yjit.e764bc1c-cgu.9.rcgu.o) unable to open object file: No such file or directory
checked program was:
/* begin */
 1: #include "ruby.h"
 2: 
 3: /*top*/
 4: extern int t(void);
 5: int main(int argc, char **argv)
 6: {
 7:   if (argc > 1000000) {
 8:     int (* volatile tp)(void)=(int (*)(void))&t;
 9:     printf("%d", (*tp)());
10:   }
11: 
12:   return !!argv[argc];
13: }
14: extern void rb_io_descriptor();
15: int t(void) { rb_io_descriptor(); return 0; }
/* end */

--------------------

have_header: checking for linux/aio_abi.h... -------------------- no

DYLD_LIBRARY_PATH=.:/Users/neil/.local/share/mise/installs/ruby/3.4.10/lib ASAN_OPTIONS=detect_leaks=0 "cc -I/Users/neil/.local/share/mise/installs/ruby/3.4.10/include/ruby-3.4.0/arm64-darwin23 -I/Users/neil/.local/share/mise/installs/ruby/3.4.10/include/ruby-3.4.0/ruby/backward -I/Users/neil/.local/share/mise/installs/ruby/3.4.10/include/ruby-3.4.0 -I. -include stdbool.h -I/Users/neil/.local/share/mise/installs/ruby/3.4.10/include -D_XOPEN_SOURCE -D_DARWIN_C_SOURCE -D_DARWIN_UNLIMITED_SELECT -D_REENTRANT   -fstack-protector-strong -U_FORTIFY_SOURCE -D_FORTIFY_SOURCE=2 -fdeclspec -O3 -fno-fast-math -ggdb3 -Wall -Wextra -Wextra-tokens -Wdeprecated-declarations -Wdivision-by-zero -Wdiv-by-zero -Wimplicit-function-declaration -Wimplicit-int -Wpointer-arith -Wshorten-64-to-32 -Wwrite-strings -Wold-style-definition -Wmissing-noreturn -Wno-cast-function-type -Wno-constant-logical-operand -Wno-long-long -Wno-missing-field-initializers -Wno-overlength-strings -Wno-parentheses-equality -Wno-self-assign -Wno-tautological-compare -Wno-unused-parameter -Wno-unused-value -Wunused-variable -Wundef -pipe -arch arm64  -c conftest.c"
conftest.c:3:10: fatal error: 'linux/aio_abi.h' file not found
    3 | #include <linux/aio_abi.h>
      |          ^~~~~~~~~~~~~~~~~
1 error generated.
checked program was:
/* begin */
1: #include "ruby.h"
2: 
3: #include <linux/aio_abi.h>
/* end */

--------------------

have_header: checking for linux/io_uring.h... -------------------- no

DYLD_LIBRARY_PATH=.:/Users/neil/.local/share/mise/installs/ruby/3.4.10/lib ASAN_OPTIONS=detect_leaks=0 "cc -I/Users/neil/.local/share/mise/installs/ruby/3.4.10/include/ruby-3.4.0/arm64-darwin23 -I/Users/neil/.local/share/mise/installs/ruby/3.4.10/include/ruby-3.4.0/ruby/backward -I/Users/neil/.local/share/mise/installs/ruby/3.4.10/include/ruby-3.4.0 -I. -include stdbool.h -I/Users/neil/.local/share/mise/installs/ruby/3.4.10/include -D_XOPEN_SOURCE -D_DARWIN_C_SOURCE -D_DARWIN_UNLIMITED_SELECT -D_REENTRANT   -fstack-protector-strong -U_FORTIFY_SOURCE -D_FORTIFY_SOURCE=2 -fdeclspec -O3 -fno-fast-math -ggdb3 -Wall -Wextra -Wextra-tokens -Wdeprecated-declarations -Wdivision-by-zero -Wdiv-by-zero -Wimplicit-function-declaration -Wimplicit-int -Wpointer-arith -Wshorten-64-to-32 -Wwrite-strings -Wold-style-definition -Wmissing-noreturn -Wno-cast-function-type -Wno-constant-logical-operand -Wno-long-long -Wno-missing-field-initializers -Wno-overlength-strings -Wno-parentheses-equality -Wno-self-assign -Wno-tautological-compare -Wno-unused-parameter -Wno-unused-value -Wunused-variable -Wundef -pipe -arch arm64  -c conftest.c"
conftest.c:3:10: fatal error: 'linux/io_uring.h' file not found
    3 | #include <linux/io_uring.h>
      |          ^~~~~~~~~~~~~~~~~~
1 error generated.
checked program was:
/* begin */
1: #include "ruby.h"
2: 
3: #include <linux/io_uring.h>
/* end */

--------------------

have_header: checking for sys/select.h... -------------------- yes

DYLD_LIBRARY_PATH=.:/Users/neil/.local/share/mise/installs/ruby/3.4.10/lib ASAN_OPTIONS=detect_leaks=0 "cc -I/Users/neil/.local/share/mise/installs/ruby/3.4.10/include/ruby-3.4.0/arm64-darwin23 -I/Users/neil/.local/share/mise/installs/ruby/3.4.10/include/ruby-3.4.0/ruby/backward -I/Users/neil/.local/share/mise/installs/ruby/3.4.10/include/ruby-3.4.0 -I. -include stdbool.h -I/Users/neil/.local/share/mise/installs/ruby/3.4.10/include -D_XOPEN_SOURCE -D_DARWIN_C_SOURCE -D_DARWIN_UNLIMITED_SELECT -D_REENTRANT   -fstack-protector-strong -U_FORTIFY_SOURCE -D_FORTIFY_SOURCE=2 -fdeclspec -O3 -fno-fast-math -ggdb3 -Wall -Wextra -Wextra-tokens -Wdeprecated-declarations -Wdivision-by-zero -Wdiv-by-zero -Wimplicit-function-declaration -Wimplicit-int -Wpointer-arith -Wshorten-64-to-32 -Wwrite-strings -Wold-style-definition -Wmissing-noreturn -Wno-cast-function-type -Wno-constant-logical-operand -Wno-long-long -Wno-missing-field-initializers -Wno-overlength-strings -Wno-parentheses-equality -Wno-self-assign -Wno-tautological-compare -Wno-unused-parameter -Wno-unused-value -Wunused-variable -Wundef -pipe -arch arm64  -c conftest.c"
checked program was:
/* begin */
1: #include "ruby.h"
2: 
3: #include <sys/select.h>
/* end */

--------------------

have_type: checking for port_event_t in poll.h... -------------------- no

DYLD_LIBRARY_PATH=.:/Users/neil/.local/share/mise/installs/ruby/3.4.10/lib ASAN_OPTIONS=detect_leaks=0 "cc -I/Users/neil/.local/share/mise/installs/ruby/3.4.10/include/ruby-3.4.0/arm64-darwin23 -I/Users/neil/.local/share/mise/installs/ruby/3.4.10/include/ruby-3.4.0/ruby/backward -I/Users/neil/.local/share/mise/installs/ruby/3.4.10/include/ruby-3.4.0 -I. -include stdbool.h -I/Users/neil/.local/share/mise/installs/ruby/3.4.10/include -D_XOPEN_SOURCE -D_DARWIN_C_SOURCE -D_DARWIN_UNLIMITED_SELECT -D_REENTRANT   -fstack-protector-strong -U_FORTIFY_SOURCE -D_FORTIFY_SOURCE=2 -fdeclspec -O3 -fno-fast-math -ggdb3 -Wall -Wextra -Wextra-tokens -Wdeprecated-declarations -Wdivision-by-zero -Wdiv-by-zero -Wimplicit-function-declaration -Wimplicit-int -Wpointer-arith -Wshorten-64-to-32 -Wwrite-strings -Wold-style-definition -Wmissing-noreturn -Wno-cast-function-type -Wno-constant-logical-operand -Wno-long-long -Wno-missing-field-initializers -Wno-overlength-strings -Wno-parentheses-equality -Wno-self-assign -Wno-tautological-compare -Wno-unused-parameter -Wno-unused-value -Wunused-variable -Wundef -pipe -arch arm64  -c conftest.c"
conftest.c:6:9: error: unknown type name 'port_event_t'
    6 | typedef port_event_t conftest_type;
      |         ^
1 error generated.
checked program was:
/* begin */
1: #include "ruby.h"
2: 
3: #include <poll.h>
4: 
5: /*top*/
6: typedef port_event_t conftest_type;
7: int conftestval[sizeof(conftest_type)?1:-1];
/* end */

--------------------

have_header: checking for sys/epoll.h... -------------------- no

DYLD_LIBRARY_PATH=.:/Users/neil/.local/share/mise/installs/ruby/3.4.10/lib ASAN_OPTIONS=detect_leaks=0 "cc -I/Users/neil/.local/share/mise/installs/ruby/3.4.10/include/ruby-3.4.0/arm64-darwin23 -I/Users/neil/.local/share/mise/installs/ruby/3.4.10/include/ruby-3.4.0/ruby/backward -I/Users/neil/.local/share/mise/installs/ruby/3.4.10/include/ruby-3.4.0 -I. -include stdbool.h -I/Users/neil/.local/share/mise/installs/ruby/3.4.10/include -D_XOPEN_SOURCE -D_DARWIN_C_SOURCE -D_DARWIN_UNLIMITED_SELECT -D_REENTRANT   -fstack-protector-strong -U_FORTIFY_SOURCE -D_FORTIFY_SOURCE=2 -fdeclspec -O3 -fno-fast-math -ggdb3 -Wall -Wextra -Wextra-tokens -Wdeprecated-declarations -Wdivision-by-zero -Wdiv-by-zero -Wimplicit-function-declaration -Wimplicit-int -Wpointer-arith -Wshorten-64-to-32 -Wwrite-strings -Wold-style-definition -Wmissing-noreturn -Wno-cast-function-type -Wno-constant-logical-operand -Wno-long-long -Wno-missing-field-initializers -Wno-overlength-strings -Wno-parentheses-equality -Wno-self-assign -Wno-tautological-compare -Wno-unused-parameter -Wno-unused-value -Wunused-variable -Wundef -pipe -arch arm64  -c conftest.c"
conftest.c:3:10: fatal error: 'sys/epoll.h' file not found
    3 | #include <sys/epoll.h>
      |          ^~~~~~~~~~~~~
1 error generated.
checked program was:
/* begin */
1: #include "ruby.h"
2: 
3: #include <sys/epoll.h>
/* end */

--------------------

have_header: checking for sys/event.h... -------------------- yes

DYLD_LIBRARY_PATH=.:/Users/neil/.local/share/mise/installs/ruby/3.4.10/lib ASAN_OPTIONS=detect_leaks=0 "cc -I/Users/neil/.local/share/mise/installs/ruby/3.4.10/include/ruby-3.4.0/arm64-darwin23 -I/Users/neil/.local/share/mise/installs/ruby/3.4.10/include/ruby-3.4.0/ruby/backward -I/Users/neil/.local/share/mise/installs/ruby/3.4.10/include/ruby-3.4.0 -I. -include stdbool.h -I/Users/neil/.local/share/mise/installs/ruby/3.4.10/include -D_XOPEN_SOURCE -D_DARWIN_C_SOURCE -D_DARWIN_UNLIMITED_SELECT -D_REENTRANT   -fstack-protector-strong -U_FORTIFY_SOURCE -D_FORTIFY_SOURCE=2 -fdeclspec -O3 -fno-fast-math -ggdb3 -Wall -Wextra -Wextra-tokens -Wdeprecated-declarations -Wdivision-by-zero -Wdiv-by-zero -Wimplicit-function-declaration -Wimplicit-int -Wpointer-arith -Wshorten-64-to-32 -Wwrite-strings -Wold-style-definition -Wmissing-noreturn -Wno-cast-function-type -Wno-constant-logical-operand -Wno-long-long -Wno-missing-field-initializers -Wno-overlength-strings -Wno-parentheses-equality -Wno-self-assign -Wno-tautological-compare -Wno-unused-parameter -Wno-unused-value -Wunused-variable -Wundef -pipe -arch arm64  -c conftest.c"
checked program was:
/* begin */
1: #include "ruby.h"
2: 
3: #include <sys/event.h>
/* end */

--------------------

have_header: checking for sys/queue.h... -------------------- yes

DYLD_LIBRARY_PATH=.:/Users/neil/.local/share/mise/installs/ruby/3.4.10/lib ASAN_OPTIONS=detect_leaks=0 "cc -I/Users/neil/.local/share/mise/installs/ruby/3.4.10/include/ruby-3.4.0/arm64-darwin23 -I/Users/neil/.local/share/mise/installs/ruby/3.4.10/include/ruby-3.4.0/ruby/backward -I/Users/neil/.local/share/mise/installs/ruby/3.4.10/include/ruby-3.4.0 -I. -include stdbool.h -I/Users/neil/.local/share/mise/installs/ruby/3.4.10/include -D_XOPEN_SOURCE -D_DARWIN_C_SOURCE -D_DARWIN_UNLIMITED_SELECT -D_REENTRANT   -fstack-protector-strong -U_FORTIFY_SOURCE -D_FORTIFY_SOURCE=2 -fdeclspec -O3 -fno-fast-math -ggdb3 -Wall -Wextra -Wextra-tokens -Wdeprecated-declarations -Wdivision-by-zero -Wdiv-by-zero -Wimplicit-function-declaration -Wimplicit-int -Wpointer-arith -Wshorten-64-to-32 -Wwrite-strings -Wold-style-definition -Wmissing-noreturn -Wno-cast-function-type -Wno-constant-logical-operand -Wno-long-long -Wno-missing-field-initializers -Wno-overlength-strings -Wno-parentheses-equality -Wno-self-assign -Wno-tautological-compare -Wno-unused-parameter -Wno-unused-value -Wunused-variable -Wundef -pipe -arch arm64  -c conftest.c"
checked program was:
/* begin */
1: #include "ruby.h"
2: 
3: #include <sys/queue.h>
/* end */

--------------------

have_type: checking for port_event_t in port.h... -------------------- no

DYLD_LIBRARY_PATH=.:/Users/neil/.local/share/mise/installs/ruby/3.4.10/lib ASAN_OPTIONS=detect_leaks=0 "cc -I/Users/neil/.local/share/mise/installs/ruby/3.4.10/include/ruby-3.4.0/arm64-darwin23 -I/Users/neil/.local/share/mise/installs/ruby/3.4.10/include/ruby-3.4.0/ruby/backward -I/Users/neil/.local/share/mise/installs/ruby/3.4.10/include/ruby-3.4.0 -I. -include stdbool.h -I/Users/neil/.local/share/mise/installs/ruby/3.4.10/include -D_XOPEN_SOURCE -D_DARWIN_C_SOURCE -D_DARWIN_UNLIMITED_SELECT -D_REENTRANT   -fstack-protector-strong -U_FORTIFY_SOURCE -D_FORTIFY_SOURCE=2 -fdeclspec -O3 -fno-fast-math -ggdb3 -Wall -Wextra -Wextra-tokens -Wdeprecated-declarations -Wdivision-by-zero -Wdiv-by-zero -Wimplicit-function-declaration -Wimplicit-int -Wpointer-arith -Wshorten-64-to-32 -Wwrite-strings -Wold-style-definition -Wmissing-noreturn -Wno-cast-function-type -Wno-constant-logical-operand -Wno-long-long -Wno-missing-field-initializers -Wno-overlength-strings -Wno-parentheses-equality -Wno-self-assign -Wno-tautological-compare -Wno-unused-parameter -Wno-unused-value -Wunused-variable -Wundef -pipe -arch arm64  -c conftest.c"
conftest.c:3:10: fatal error: 'port.h' file not found
    3 | #include <port.h>
      |          ^~~~~~~~
1 error generated.
checked program was:
/* begin */
1: #include "ruby.h"
2: 
3: #include <port.h>
4: 
5: /*top*/
6: typedef port_event_t conftest_type;
7: int conftestval[sizeof(conftest_type)?1:-1];
/* end */

--------------------

have_header: checking for sys/resource.h... -------------------- yes

DYLD_LIBRARY_PATH=.:/Users/neil/.local/share/mise/installs/ruby/3.4.10/lib ASAN_OPTIONS=detect_leaks=0 "cc -I/Users/neil/.local/share/mise/installs/ruby/3.4.10/include/ruby-3.4.0/arm64-darwin23 -I/Users/neil/.local/share/mise/installs/ruby/3.4.10/include/ruby-3.4.0/ruby/backward -I/Users/neil/.local/share/mise/installs/ruby/3.4.10/include/ruby-3.4.0 -I. -include stdbool.h -I/Users/neil/.local/share/mise/installs/ruby/3.4.10/include -D_XOPEN_SOURCE -D_DARWIN_C_SOURCE -D_DARWIN_UNLIMITED_SELECT -D_REENTRANT   -fstack-protector-strong -U_FORTIFY_SOURCE -D_FORTIFY_SOURCE=2 -fdeclspec -O3 -fno-fast-math -ggdb3 -Wall -Wextra -Wextra-tokens -Wdeprecated-declarations -Wdivision-by-zero -Wdiv-by-zero -Wimplicit-function-declaration -Wimplicit-int -Wpointer-arith -Wshorten-64-to-32 -Wwrite-strings -Wold-style-definition -Wmissing-noreturn -Wno-cast-function-type -Wno-constant-logical-operand -Wno-long-long -Wno-missing-field-initializers -Wno-overlength-strings -Wno-parentheses-equality -Wno-self-assign -Wno-tautological-compare -Wno-unused-parameter -Wno-unused-value -Wunused-variable -Wundef -pipe -arch arm64  -c conftest.c"
checked program was:
/* begin */
1: #include "ruby.h"
2: 
3: #include <sys/resource.h>
/* end */

--------------------

