current directory: /Users/neil/Projects/project-wander/tripsapi/vendor/bundle/ruby/3.4.0/gems/ed25519-1.4.0/ext/ed25519_ref10
/Users/neil/.local/share/mise/installs/ruby/3.4.10/bin/ruby extconf.rb
checking for whether -Wall is accepted as CFLAGS... yes
checking for whether -O3 is accepted as CFLAGS... yes
checking for whether -pedantic is accepted as CFLAGS... no
checking for whether -std=c99 is accepted as CFLAGS... yes
creating Makefile

current directory: /Users/neil/Projects/project-wander/tripsapi/vendor/bundle/ruby/3.4.0/gems/ed25519-1.4.0/ext/ed25519_ref10
make -j9 DESTDIR\= sitearchdir\=./.gem.20260927-2110-pz93ds sitelibdir\=./.gem.20260927-2110-pz93ds clean

current directory: /Users/neil/Projects/project-wander/tripsapi/vendor/bundle/ruby/3.4.0/gems/ed25519-1.4.0/ext/ed25519_ref10
make -j9 DESTDIR\= sitearchdir\=./.gem.20260927-2110-pz93ds sitelibdir\=./.gem.20260927-2110-pz93ds
compiling ed25519_ref10.c
compiling fe.c
compiling keypair.c
compiling ge.c
compiling open.c
compiling sc_muladd.c
compiling sc_reduce.c
compiling sha512.c
compiling sign.c
compiling verify.c
linking shared-object ed25519_ref10.bundle

current directory: /Users/neil/Projects/project-wander/tripsapi/vendor/bundle/ruby/3.4.0/gems/ed25519-1.4.0/ext/ed25519_ref10
make -j9 DESTDIR\= sitearchdir\=./.gem.20260927-2110-pz93ds sitelibdir\=./.gem.20260927-2110-pz93ds install
/usr/bin/install -c -m 0755 ed25519_ref10.bundle ./.gem.20260927-2110-pz93ds

current directory: /Users/neil/Projects/project-wander/tripsapi/vendor/bundle/ruby/3.4.0/gems/ed25519-1.4.0/ext/ed25519_ref10
make DESTDIR\= sitearchdir\=./.gem.20260927-2110-pz93ds sitelibdir\=./.gem.20260927-2110-pz93ds clean
